
> frontend@0.0.0 build
> tsc -b && vite build

src/components/whiteboard/WhiteboardCanvas.tsx(554,18): error TS18048: 'text.position' is possibly 'undefined'.
src/components/whiteboard/WhiteboardCanvas.tsx(554,35): error TS18048: 'text.position' is possibly 'undefined'.
src/components/whiteboard/WhiteboardCanvas.tsx(555,18): error TS18048: 'text.position' is possibly 'undefined'.
src/components/whiteboard/WhiteboardCanvas.tsx(555,51): error TS18048: 'text.position' is possibly 'undefined'.
src/components/whiteboard/WhiteboardCanvas.tsx(561,29): error TS18048: 'text.position' is possibly 'undefined'.
src/components/whiteboard/WhiteboardCanvas.tsx(561,46): error TS18048: 'text.position' is possibly 'undefined'.
src/components/whiteboard/WhiteboardCanvas.tsx(675,5): error TS2322: Type 'string | undefined' is not assignable to type 'string | CanvasGradient | CanvasPattern'.
  Type 'undefined' is not assignable to type 'string | CanvasGradient | CanvasPattern'.
src/components/whiteboard/WhiteboardCanvas.tsx(681,5): error TS2322: Type 'string | undefined' is not assignable to type 'string | CanvasGradient | CanvasPattern'.
  Type 'undefined' is not assignable to type 'string | CanvasGradient | CanvasPattern'.
src/components/whiteboard/WhiteboardCanvas.tsx(683,18): error TS2345: Argument of type 'string | undefined' is not assignable to parameter of type 'string'.
  Type 'undefined' is not assignable to type 'string'.
src/components/whiteboard/WhiteboardParticipants.tsx(79,37): error TS2769: No overload matches this call.
  Overload 1 of 4, '(value: string | number | Date): Date', gave the following error.
    Argument of type 'number | undefined' is not assignable to parameter of type 'string | number | Date'.
      Type 'undefined' is not assignable to type 'string | number | Date'.
  Overload 2 of 4, '(value: string | number): Date', gave the following error.
    Argument of type 'number | undefined' is not assignable to parameter of type 'string | number'.
      Type 'undefined' is not assignable to type 'string | number'.
src/components/whiteboard/WhiteboardSettings.tsx(53,22): error TS18048: 'session.state' is possibly 'undefined'.
src/contexts/WebSocketContext.tsx(69,5): error TS2353: Object literal may only specify known properties, and 'isConnected' does not exist in type '() => ConnectionState'.
src/contexts/WebSocketContext.tsx(79,39): error TS2339: Property 'isConnected' does not exist on type 'ConnectionState'.
  Property 'isConnected' does not exist on type '"error"'.
src/contexts/WebSocketContext.tsx(83,45): error TS2339: Property 'isConnected' does not exist on type 'ConnectionState'.
  Property 'isConnected' does not exist on type '"error"'.
src/contexts/WebSocketContext.tsx(86,30): error TS2554: Expected 1 arguments, but got 0.
src/contexts/WebSocketContext.tsx(87,26): error TS2345: Argument of type 'ConnectionStateInfo' is not assignable to parameter of type 'SetStateAction<ConnectionState>'.
src/contexts/WebSocketContext.tsx(90,26): error TS2345: Argument of type 'ConnectionStateInfo' is not assignable to parameter of type 'SetStateAction<ConnectionState>'.
src/contexts/WebSocketContext.tsx(92,40): error TS2339: Property 'isConnected' does not exist on type 'ConnectionState'.
  Property 'isConnected' does not exist on type '"error"'.
src/contexts/WebSocketContext.tsx(96,24): error TS2345: Argument of type 'ConnectionStateInfo' is not assignable to parameter of type 'SetStateAction<ConnectionState>'.
src/contexts/WebSocketContext.tsx(104,22): error TS2554: Expected 1 arguments, but got 0.
src/contexts/WebSocketContext.tsx(109,25): error TS2345: Argument of type 'WebSocketEvent' is not assignable to parameter of type 'WebSocketEventType'.
src/contexts/WebSocketContext.tsx(113,26): error TS2345: Argument of type 'WebSocketEvent' is not assignable to parameter of type 'WebSocketEventType'.
src/contexts/WebSocketContext.tsx(127,54): error TS2554: Expected 2 arguments, but got 4.
src/contexts/WebSocketContext.tsx(148,45): error TS2554: Expected 1 arguments, but got 2.
src/contexts/WebSocketContext.tsx(152,42): error TS2345: Argument of type 'string[]' is not assignable to parameter of type 'string'.
src/contexts/WebSocketContext.tsx(156,46): error TS2345: Argument of type 'string[] | undefined' is not assignable to parameter of type 'string'.
  Type 'undefined' is not assignable to type 'string'.
src/contexts/WebSocketContext.tsx(174,26): error TS2345: Argument of type 'ConnectionStateInfo' is not assignable to parameter of type 'SetStateAction<ConnectionState>'.
src/contexts/WebSocketContext.tsx(178,26): error TS2345: Argument of type 'ConnectionStateInfo' is not assignable to parameter of type 'SetStateAction<ConnectionState>'.
src/contexts/WebSocketContext.tsx(182,26): error TS2345: Argument of type 'ConnectionStateInfo' is not assignable to parameter of type 'SetStateAction<ConnectionState>'.
src/contexts/WebSocketContext.tsx(274,61): error TS2339: Property 'isReconnecting' does not exist on type 'ConnectionState'.
  Property 'isReconnecting' does not exist on type '"error"'.
src/contexts/WebSocketContext.tsx(279,53): error TS2339: Property 'isReconnecting' does not exist on type 'ConnectionState'.
  Property 'isReconnecting' does not exist on type '"error"'.
src/contexts/WebSocketContext.tsx(333,47): error TS2339: Property 'timestamp' does not exist on type 'TypingData'.
src/contexts/WorkspaceContext.tsx(175,18): error TS2345: Argument of type '(prev: WorkspaceMember[]) => (WorkspaceMember | { message: string; })[]' is not assignable to parameter of type 'SetStateAction<WorkspaceMember[]>'.
  Type '(prev: WorkspaceMember[]) => (WorkspaceMember | { message: string; })[]' is not assignable to type '(prevState: WorkspaceMember[]) => WorkspaceMember[]'.
    Type '(WorkspaceMember | { message: string; })[]' is not assignable to type 'WorkspaceMember[]'.
      Type 'WorkspaceMember | { message: string; }' is not assignable to type 'WorkspaceMember'.
        Type '{ message: string; }' is missing the following properties from type 'WorkspaceMember': id, workspaceId, userId, user, and 2 more.
src/contexts/WorkspaceContext.tsx(176,7): error TS2740: Type '{ message: string; }' is missing the following properties from type 'WorkspaceMember': id, workspaceId, userId, user, and 2 more.
src/hooks/usePresence.ts(8,35): error TS2307: Cannot find module '../services' or its corresponding type declarations.
src/hooks/useRealTimeChat.ts(8,43): error TS2307: Cannot find module '../services' or its corresponding type declarations.
src/hooks/useRealTimeChat.ts(95,40): error TS2339: Property 'createdAt' does not exist on type 'ChatMessage'.
src/hooks/useRealTimeChat.ts(105,7): error TS2353: Object literal may only specify known properties, and 'id' does not exist in type 'ChatMessage'.
src/hooks/useRealTimeChat.ts(219,35): error TS2339: Property 'content' does not exist on type 'ChatMessage'.
src/hooks/useRealTimeChat.ts(233,54): error TS2339: Property 'id' does not exist on type 'ChatMessage'.
src/hooks/useRealTimeChat.ts(250,15): error TS2339: Property 'id' does not exist on type 'ChatMessage'.
src/hooks/useRealTimeChat.ts(260,51): error TS2339: Property 'id' does not exist on type 'ChatMessage'.
src/hooks/useRealTimeChat.ts(268,19): error TS2339: Property 'id' does not exist on type 'ChatMessage'.
src/hooks/useRealTimeChat.ts(269,40): error TS2339: Property 'reactions' does not exist on type 'ChatMessage'.
src/hooks/useRealTimeChat.ts(282,19): error TS2339: Property 'id' does not exist on type 'ChatMessage'.
src/hooks/useRealTimeChat.ts(283,36): error TS2339: Property 'reactions' does not exist on type 'ChatMessage'.
src/hooks/useRealTimeChat.ts(283,60): error TS7006: Parameter 'r' implicitly has an 'any' type.
src/hooks/useRealTimeChat.ts(292,8): error TS2345: Argument of type 'string' is not assignable to parameter of type 'WebSocketEvent'.
src/hooks/useRealTimeChat.ts(293,8): error TS2345: Argument of type 'string' is not assignable to parameter of type 'WebSocketEvent'.
src/hooks/useRealTimeChat.ts(294,8): error TS2345: Argument of type 'string' is not assignable to parameter of type 'WebSocketEvent'.
src/hooks/useRealTimeChat.ts(295,8): error TS2345: Argument of type 'string' is not assignable to parameter of type 'WebSocketEvent'.
src/hooks/useRealTimeChat.ts(296,8): error TS2345: Argument of type 'string' is not assignable to parameter of type 'WebSocketEvent'.
src/hooks/useRealTimeChat.ts(299,11): error TS2345: Argument of type 'string' is not assignable to parameter of type 'WebSocketEvent'.
src/hooks/useRealTimeChat.ts(300,11): error TS2345: Argument of type 'string' is not assignable to parameter of type 'WebSocketEvent'.
src/hooks/useRealTimeChat.ts(301,11): error TS2345: Argument of type 'string' is not assignable to parameter of type 'WebSocketEvent'.
src/hooks/useRealTimeChat.ts(302,11): error TS2345: Argument of type 'string' is not assignable to parameter of type 'WebSocketEvent'.
src/hooks/useRealTimeChat.ts(303,11): error TS2345: Argument of type 'string' is not assignable to parameter of type 'WebSocketEvent'.
src/hooks/useRealTimeNotifications.ts(8,39): error TS2307: Cannot find module '../services' or its corresponding type declarations.
src/hooks/useRealTimeNotifications.ts(90,8): error TS2345: Argument of type 'string' is not assignable to parameter of type 'WebSocketEvent'.
src/hooks/useRealTimeNotifications.ts(93,11): error TS2345: Argument of type 'string' is not assignable to parameter of type 'WebSocketEvent'.
src/hooks/useSearchHistory.ts(4,29): error TS2724: '"@/lib/api/search-api"' has no exported member named 'SavedSearch'. Did you mean 'useSearch'?
src/hooks/useSearchHistory.ts(24,9): error TS2322: Type 'string[]' is not assignable to type 'RecentSearch[]'.
  Type 'string' is not assignable to type 'RecentSearch'.
src/hooks/useSearchHistory.ts(24,36): error TS2554: Expected 1 arguments, but got 0.
src/hooks/useSearchHistory.ts(42,36): error TS2554: Expected 1 arguments, but got 0.
src/hooks/useSearchHistory.ts(55,34): error TS2554: Expected 3 arguments, but got 1.
src/hooks/useSearchHistory.ts(76,34): error TS2339: Property 'updateSavedSearch' does not exist on type '{ search(workspaceId: string, options: SearchOptions): Promise<SearchResponse>; getSearchSuggestions(workspaceId: string, query: string): Promise<...>; getRecentSearches(workspaceId: string): Promise<...>; saveSearch(workspaceId: string, query: string, name: string): Promise<...>; getSavedSearches(workspaceId: strin...'.
src/hooks/useSearchHistory.ts(86,34): error TS2339: Property 'deleteSavedSearch' does not exist on type '{ search(workspaceId: string, options: SearchOptions): Promise<SearchResponse>; getSearchSuggestions(workspaceId: string, query: string): Promise<...>; getRecentSearches(workspaceId: string): Promise<...>; saveSearch(workspaceId: string, query: string, name: string): Promise<...>; getSavedSearches(workspaceId: strin...'.
src/hooks/useSearchHistory.ts(96,27): error TS2551: Property 'clearRecentSearches' does not exist on type '{ search(workspaceId: string, options: SearchOptions): Promise<SearchResponse>; getSearchSuggestions(workspaceId: string, query: string): Promise<...>; getRecentSearches(workspaceId: string): Promise<...>; saveSearch(workspaceId: string, query: string, name: string): Promise<...>; getSavedSearches(workspaceId: strin...'. Did you mean 'getRecentSearches'?
src/hooks/useSearchHistory.ts(98,21): error TS2339: Property 'clearRecentQueries' does not exist on type '{ search(workspaceId: string, options: SearchOptions): Promise<SearchResponse>; getSearchSuggestions(workspaceId: string, query: string): Promise<...>; getRecentSearches(workspaceId: string): Promise<...>; saveSearch(workspaceId: string, query: string, name: string): Promise<...>; getSavedSearches(workspaceId: strin...'.
src/hooks/useSearchHistory.ts(138,26): error TS2339: Property 'getRecentQueries' does not exist on type '{ search(workspaceId: string, options: SearchOptions): Promise<SearchResponse>; getSearchSuggestions(workspaceId: string, query: string): Promise<...>; getRecentSearches(workspaceId: string): Promise<...>; saveSearch(workspaceId: string, query: string, name: string): Promise<...>; getSavedSearches(workspaceId: strin...'.
src/hooks/useSearchSuggestions.ts(4,15): error TS2724: '"@/lib/api/search-api"' has no exported member named 'SearchSuggestion'. Did you mean 'useSearchSuggestions'?
src/hooks/useSearchSuggestions.ts(27,82): error TS2554: Expected 2 arguments, but got 3.
src/hooks/useUniversalSearch.ts(36,11): error TS2353: Object literal may only specify known properties, and 'totalResults' does not exist in type 'SearchResponse'.
src/hooks/useUniversalSearch.ts(52,9): error TS2353: Object literal may only specify known properties, and 'type' does not exist in type 'SearchQuery'.
src/hooks/useUniversalSearch.ts(57,34): error TS2339: Property 'universalSearch' does not exist on type '{ search(workspaceId: string, options: SearchOptions): Promise<SearchResponse>; getSearchSuggestions(workspaceId: string, query: string): Promise<...>; getRecentSearches(workspaceId: string): Promise<...>; saveSearch(workspaceId: string, query: string, name: string): Promise<...>; getSavedSearches(workspaceId: strin...'.
src/hooks/useUniversalSearch.ts(73,34): error TS2554: Expected 3 arguments, but got 1.
src/hooks/useUniversalSearch.ts(127,34): error TS2339: Property 'semanticSearch' does not exist on type '{ search(workspaceId: string, options: SearchOptions): Promise<SearchResponse>; getSearchSuggestions(workspaceId: string, query: string): Promise<...>; getRecentSearches(workspaceId: string): Promise<...>; saveSearch(workspaceId: string, query: string, name: string): Promise<...>; getSavedSearches(workspaceId: strin...'.
src/hooks/useUniversalSearch.ts(137,35): error TS2339: Property 'totalResults' does not exist on type 'SearchResponse'.
src/hooks/useUniversalSearch.ts(138,37): error TS2339: Property 'relevanceScore' does not exist on type 'SearchResponse'.
src/hooks/useUniversalSearch.ts(139,33): error TS2339: Property 'searchTime' does not exist on type 'SearchResponse'.
src/hooks/useUniversalSearch.ts(141,37): error TS2339: Property 'relatedQueries' does not exist on type 'SearchResponse'.
src/hooks/useUniversalSearch.ts(142,28): error TS2339: Property 'stats' does not exist on type 'SearchResponse'.
src/lib/api/admin-api.ts(273,79): error TS2353: Object literal may only specify known properties, and 'params' does not exist in type 'FetchWithAuthOptions'.
src/lib/api/admin-api.ts(287,72): error TS2353: Object literal may only specify known properties, and 'params' does not exist in type 'FetchWithAuthOptions'.
src/lib/api/files-api.ts(354,13): error TS2322: Type '{ id: string; workspaceId: string; workspace_id: string; name: string; type: "folder"; size: number; parentId: string | null; parent_id: string | null; starred: false; createdBy: string; created_by: string; ... 9 more ...; shareSettings: { ...; }; }[]' is not assignable to type 'FileItem[]'.
  Type '{ id: string; workspaceId: string; workspace_id: string; name: string; type: "folder"; size: number; parentId: string | null; parent_id: string | null; starred: false; createdBy: string; created_by: string; ... 9 more ...; shareSettings: { ...; }; }' is not assignable to type 'FileItem'.
    Types of property 'parentId' are incompatible.
      Type 'string | null' is not assignable to type 'string | undefined'.
        Type 'null' is not assignable to type 'string | undefined'.
src/lib/api/files-api.ts(379,13): error TS2322: Type '{ id: string; workspaceId: string; workspace_id: string; name: string; type: "file"; mimeType: string; mime_type: string; size: number; folderId: string | undefined; folder_id: string | null; ... 28 more ...; shareSettings: { ...; }; }[]' is not assignable to type 'FileItem[]'.
  Type '{ id: string; workspaceId: string; workspace_id: string; name: string; type: "file"; mimeType: string; mime_type: string; size: number; folderId: string | undefined; folder_id: string | null; ... 28 more ...; shareSettings: { ...; }; }' is not assignable to type 'FileItem'.
    Types of property 'parentId' are incompatible.
      Type 'string | null' is not assignable to type 'string | undefined'.
        Type 'null' is not assignable to type 'string | undefined'.
src/lib/api/files-api.ts(869,13): error TS2322: Type 'string | null | undefined' is not assignable to type 'string | undefined'.
  Type 'null' is not assignable to type 'string | undefined'.
src/lib/api/files-api.ts(870,13): error TS2322: Type 'string | null | undefined' is not assignable to type 'string | undefined'.
  Type 'null' is not assignable to type 'string | undefined'.
src/lib/api/files-api.ts(944,13): error TS2322: Type 'string | null | undefined' is not assignable to type 'string | undefined'.
  Type 'null' is not assignable to type 'string | undefined'.
src/lib/api/files-api.ts(946,13): error TS2322: Type 'string | null | undefined' is not assignable to type 'string | undefined'.
  Type 'null' is not assignable to type 'string | undefined'.
src/lib/api/notes-api.ts(242,5): error TS2322: Type '(workspaceId: string, noteId: string) => Promise<void>' is not assignable to type 'MutationFunction<void, string>'.
  Types of parameters 'noteId' and 'context' are incompatible.
    Type 'MutationFunctionContext' is not assignable to type 'string'.
src/lib/api/projects-api.ts(473,21): error TS2339: Property 'previousMainTasks' does not exist on type 'never'.
src/lib/api/projects-api.ts(474,62): error TS2339: Property 'projectId' does not exist on type 'never'.
src/lib/api/projects-api.ts(474,82): error TS2339: Property 'previousMainTasks' does not exist on type 'never'.
src/lib/api/projects-api.ts(476,21): error TS2339: Property 'previousSidebarTasks' does not exist on type 'never'.
src/lib/api/projects-api.ts(477,62): error TS2339: Property 'projectId' does not exist on type 'never'.
src/lib/api/projects-api.ts(477,82): error TS2339: Property 'previousSidebarTasks' does not exist on type 'never'.
src/lib/api/storage-api.ts(31,7): error TS2322: Type 'unknown' is not assignable to type '{ id: string; name: string; url: string; mime_type: string; size: string; storage_path: string; uploaded_by: string; workspace_id: string; created_at: string; }'.
src/pages/admin/AdminDashboard.tsx(525,14): error TS18048: 'analytics.topOrganizations' is possibly 'undefined'.
src/pages/admin/audit/AuditLogs.tsx(175,5): error TS2353: Object literal may only specify known properties, and 'limit' does not exist in type 'AuditLogFilters | (() => AuditLogFilters)'.
src/pages/admin/audit/AuditLogs.tsx(196,56): error TS2345: Argument of type '{ page: number; userId?: string; action?: string; resource?: string; startDate?: string; endDate?: string; pageSize?: number; }' is not assignable to parameter of type 'number'.
src/pages/admin/audit/AuditLogs.tsx(200,15): error TS2345: Argument of type 'AuditLog[]' is not assignable to parameter of type 'SetStateAction<PaginatedResponse<AuditLog> | null>'.
src/pages/admin/audit/AuditLogs.tsx(231,7): error TS2353: Object literal may only specify known properties, and 'limit' does not exist in type 'SetStateAction<AuditLogFilters>'.
src/pages/admin/audit/AuditLogs.tsx(273,50): error TS18048: 'logs.pagination' is possibly 'undefined'.
src/pages/admin/audit/AuditLogs.tsx(531,16): error TS18048: 'logs.pagination' is possibly 'undefined'.
src/pages/admin/audit/AuditLogs.tsx(541,36): error TS18048: 'logs.pagination' is possibly 'undefined'.
src/pages/admin/audit/AuditLogs.tsx(546,39): error TS18048: 'logs.pagination' is possibly 'undefined'.
src/pages/admin/blog/BlogEditor.tsx(195,60): error TS2554: Expected 1 arguments, but got 2.
src/pages/admin/blog/BlogEditor.tsx(375,5): error TS2820: Type '"DRAFT"' is not assignable to type '"archived" | "draft" | "published"'. Did you mean '"draft"'?
src/pages/admin/blog/BlogEditor.tsx(402,39): error TS2551: Property 'getBlogPost' does not exist on type '{ getUsers(): Promise<AdminUser[]>; getUser(id: string): Promise<AdminUser>; updateUser(id: string, data: Partial<AdminUser>): Promise<...>; ... 13 more ...; deleteBlogPost(id: string): Promise<...>; }'. Did you mean 'getBlogPosts'?
src/pages/admin/blog/BlogEditor.tsx(408,30): error TS7006: Parameter 'tag' implicitly has an 'any' type.
src/pages/admin/blog/BlogEditor.tsx(409,9): error TS2353: Object literal may only specify known properties, and 'categories' does not exist in type 'SetStateAction<CreateBlogPostData>'.
src/pages/admin/blog/BlogEditor.tsx(409,42): error TS7006: Parameter 'cat' implicitly has an 'any' type.
src/pages/admin/blog/BlogEditor.tsx(434,22): error TS2339: Property 'getBlogCategories' does not exist on type '{ getUsers(): Promise<AdminUser[]>; getUser(id: string): Promise<AdminUser>; updateUser(id: string, data: Partial<AdminUser>): Promise<...>; ... 13 more ...; deleteBlogPost(id: string): Promise<...>; }'.
src/pages/admin/blog/BlogEditor.tsx(435,22): error TS2339: Property 'getBlogTags' does not exist on type '{ getUsers(): Promise<AdminUser[]>; getUser(id: string): Promise<AdminUser>; updateUser(id: string, data: Partial<AdminUser>): Promise<...>; ... 13 more ...; deleteBlogPost(id: string): Promise<...>; }'.
src/pages/admin/blog/BlogEditor.tsx(459,15): error TS2322: Type '{ status: "archived" | "draft" | "published" | "PUBLISHED" | "DRAFT" | "SCHEDULED" | "ARCHIVED"; featuredImage: string | undefined; title: string; slug: string; content: string; excerpt?: string; categoryId: string; tags: string[]; publishedAt?: string; }' is not assignable to type 'UpdateBlogPostData'.
  Types of property 'status' are incompatible.
    Type '"archived" | "draft" | "published" | "PUBLISHED" | "DRAFT" | "SCHEDULED" | "ARCHIVED"' is not assignable to type '"archived" | "draft" | "published" | undefined'.
      Type '"PUBLISHED"' is not assignable to type '"archived" | "draft" | "published" | undefined'. Did you mean '"published"'?
src/pages/admin/blog/BlogEditor.tsx(466,15): error TS2322: Type '{ status: "archived" | "draft" | "published" | "PUBLISHED" | "DRAFT" | "SCHEDULED" | "ARCHIVED"; featuredImage: string | undefined; title: string; slug: string; content: string; excerpt?: string; categoryId: string; tags: string[]; publishedAt?: string; }' is not assignable to type 'CreateBlogPostData'.
  Types of property 'status' are incompatible.
    Type '"archived" | "draft" | "published" | "PUBLISHED" | "DRAFT" | "SCHEDULED" | "ARCHIVED"' is not assignable to type '"archived" | "draft" | "published"'.
      Type '"PUBLISHED"' is not assignable to type '"archived" | "draft" | "published"'. Did you mean '"published"'?
src/pages/admin/blog/BlogEditor.tsx(500,60): error TS2554: Expected 1 arguments, but got 2.
src/pages/admin/blog/BlogEditor.tsx(519,41): error TS2551: Property 'createBlogTag' does not exist on type '{ getUsers(): Promise<AdminUser[]>; getUser(id: string): Promise<AdminUser>; updateUser(id: string, data: Partial<AdminUser>): Promise<...>; ... 13 more ...; deleteBlogPost(id: string): Promise<...>; }'. Did you mean 'createBlogPost'?
src/pages/admin/blog/BlogEditor.tsx(630,35): error TS2339: Property 'seoMeta' does not exist on type 'CreateBlogPostData'.
src/pages/admin/blog/BlogEditor.tsx(634,23): error TS2353: Object literal may only specify known properties, and 'seoMeta' does not exist in type 'SetStateAction<CreateBlogPostData>'.
src/pages/admin/blog/BlogEditor.tsx(635,37): error TS2339: Property 'seoMeta' does not exist on type 'CreateBlogPostData'.
src/pages/admin/blog/BlogEditor.tsx(647,35): error TS2339: Property 'seoMeta' does not exist on type 'CreateBlogPostData'.
src/pages/admin/blog/BlogEditor.tsx(651,23): error TS2353: Object literal may only specify known properties, and 'seoMeta' does not exist in type 'SetStateAction<CreateBlogPostData>'.
src/pages/admin/blog/BlogEditor.tsx(652,37): error TS2339: Property 'seoMeta' does not exist on type 'CreateBlogPostData'.
src/pages/admin/blog/BlogEditor.tsx(681,48): error TS2322: Type '"PUBLISHED" | "DRAFT" | "SCHEDULED" | "ARCHIVED"' is not assignable to type '"archived" | "draft" | "published"'.
  Type '"PUBLISHED"' is not assignable to type '"archived" | "draft" | "published"'. Did you mean '"published"'?
src/pages/admin/blog/BlogEditor.tsx(695,16): error TS2367: This comparison appears to be unintentional because the types '"archived" | "draft" | "published"' and '"SCHEDULED"' have no overlap.
src/pages/admin/blog/BlogEditor.tsx(701,37): error TS2339: Property 'scheduledAt' does not exist on type 'CreateBlogPostData'.
src/pages/admin/blog/BlogEditor.tsx(703,50): error TS2353: Object literal may only specify known properties, and 'scheduledAt' does not exist in type 'SetStateAction<CreateBlogPostData>'.
src/pages/admin/blog/BlogEditor.tsx(766,33): error TS2551: Property 'categories' does not exist on type 'CreateBlogPostData'. Did you mean 'categoryId'?
src/pages/admin/blog/BlogEditor.tsx(768,46): error TS2353: Object literal may only specify known properties, and 'categories' does not exist in type 'SetStateAction<CreateBlogPostData>'.
src/pages/admin/blog/BlogManagement.tsx(133,21): error TS2551: Property 'author' does not exist on type 'BlogPost'. Did you mean 'authorId'?
src/pages/admin/blog/BlogManagement.tsx(141,21): error TS2339: Property 'viewCount' does not exist on type 'BlogPost'.
src/pages/admin/blog/BlogManagement.tsx(151,31): error TS2339: Property 'id' does not exist on type 'string'.
src/pages/admin/blog/BlogManagement.tsx(152,22): error TS2339: Property 'name' does not exist on type 'string'.
src/pages/admin/blog/BlogManagement.tsx(162,15): error TS2339: Property 'featuredImage' does not exist on type 'BlogPost'.
src/pages/admin/blog/BlogManagement.tsx(165,25): error TS2339: Property 'featuredImage' does not exist on type 'BlogPost'.
src/pages/admin/blog/BlogManagement.tsx(365,50): error TS18048: 'posts.pagination' is possibly 'undefined'.
src/pages/admin/blog/BlogManagement.tsx(375,40): error TS2367: This comparison appears to be unintentional because the types '"archived" | "draft" | "published"' and '"PUBLISHED"' have no overlap.
src/pages/admin/blog/BlogManagement.tsx(386,40): error TS2367: This comparison appears to be unintentional because the types '"archived" | "draft" | "published"' and '"DRAFT"' have no overlap.
src/pages/admin/blog/BlogManagement.tsx(397,40): error TS2367: This comparison appears to be unintentional because the types '"archived" | "draft" | "published"' and '"SCHEDULED"' have no overlap.
src/pages/admin/blog/BlogManagement.tsx(464,21): error TS18048: 'posts.pagination' is possibly 'undefined'.
src/pages/admin/blog/BlogManagement.tsx(474,40): error TS18048: 'posts.pagination' is possibly 'undefined'.
src/pages/admin/blog/BlogManagement.tsx(479,43): error TS18048: 'posts.pagination' is possibly 'undefined'.
src/pages/admin/organizations/OrganizationManagement.tsx(188,54): error TS2769: No overload matches this call.
  Overload 1 of 4, '(value: string | number | Date): Date', gave the following error.
    Argument of type 'string | undefined' is not assignable to parameter of type 'string | number | Date'.
      Type 'undefined' is not assignable to type 'string | number | Date'.
  Overload 2 of 4, '(value: string | number): Date', gave the following error.
    Argument of type 'string | undefined' is not assignable to parameter of type 'string | number'.
      Type 'undefined' is not assignable to type 'string | number'.
src/pages/admin/organizations/OrganizationManagement.tsx(395,28): error TS2339: Property 'downloadUrl' does not exist on type 'Blob'.
src/pages/admin/organizations/OrganizationManagement.tsx(504,50): error TS18048: 'organizations.pagination' is possibly 'undefined'.
src/pages/admin/organizations/OrganizationManagement.tsx(690,38): error TS2345: Argument of type 'string | undefined' is not assignable to parameter of type 'string'.
  Type 'undefined' is not assignable to type 'string'.
src/pages/admin/organizations/OrganizationManagement.tsx(691,56): error TS2345: Argument of type 'string | undefined' is not assignable to parameter of type 'string'.
  Type 'undefined' is not assignable to type 'string'.
src/pages/admin/organizations/OrganizationManagement.tsx(697,56): error TS2345: Argument of type 'string | undefined' is not assignable to parameter of type 'string'.
  Type 'undefined' is not assignable to type 'string'.
src/pages/admin/organizations/OrganizationManagement.tsx(807,25): error TS18048: 'organizations.pagination' is possibly 'undefined'.
src/pages/admin/organizations/OrganizationManagement.tsx(817,36): error TS18048: 'organizations.pagination' is possibly 'undefined'.
src/pages/admin/organizations/OrganizationManagement.tsx(822,39): error TS18048: 'organizations.pagination' is possibly 'undefined'.
src/pages/admin/settings/SystemSettings.tsx(183,28): error TS18048: 'config.general' is possibly 'undefined'.
src/pages/admin/settings/SystemSettings.tsx(192,28): error TS18048: 'config.general' is possibly 'undefined'.
src/pages/admin/settings/SystemSettings.tsx(205,28): error TS18048: 'config.general' is possibly 'undefined'.
src/pages/admin/settings/SystemSettings.tsx(215,28): error TS18048: 'config.general' is possibly 'undefined'.
src/pages/admin/settings/SystemSettings.tsx(226,28): error TS18048: 'config.general' is possibly 'undefined'.
src/pages/admin/settings/SystemSettings.tsx(247,28): error TS18048: 'config.general' is possibly 'undefined'.
src/pages/admin/settings/SystemSettings.tsx(278,28): error TS18048: 'config.general' is possibly 'undefined'.
src/pages/admin/settings/SystemSettings.tsx(300,33): error TS2769: No overload matches this call.
  Overload 1 of 2, '(o: ArrayLike<any> | { [s: string]: any; }): [string, any][]', gave the following error.
    Argument of type '{ [key: string]: any; enableChat?: boolean | undefined; enableProjects?: boolean | undefined; enableFiles?: boolean | undefined; enableCalendar?: boolean | undefined; enableNotes?: boolean | undefined; enableAI?: boolean | undefined; } | undefined' is not assignable to parameter of type 'ArrayLike<any> | { [s: string]: any; }'.
      Type 'undefined' is not assignable to type 'ArrayLike<any> | { [s: string]: any; }'.
  Overload 2 of 2, '(o: {}): [string, any][]', gave the following error.
    Argument of type '{ [key: string]: any; enableChat?: boolean | undefined; enableProjects?: boolean | undefined; enableFiles?: boolean | undefined; enableCalendar?: boolean | undefined; enableNotes?: boolean | undefined; enableAI?: boolean | undefined; } | undefined' is not assignable to parameter of type '{}'.
      Type 'undefined' is not assignable to type '{}'.
src/pages/admin/settings/SystemSettings.tsx(410,26): error TS18048: 'config.email' is possibly 'undefined'.
src/pages/admin/settings/SystemSettings.tsx(430,28): error TS18048: 'config.email' is possibly 'undefined'.
src/pages/admin/settings/SystemSettings.tsx(440,28): error TS18048: 'config.email' is possibly 'undefined'.
src/pages/admin/settings/SystemSettings.tsx(452,26): error TS18048: 'config.email' is possibly 'undefined'.
src/pages/admin/settings/SystemSettings.tsx(477,26): error TS18048: 'config.storage' is possibly 'undefined'.
src/pages/admin/settings/SystemSettings.tsx(492,16): error TS18048: 'config.storage' is possibly 'undefined'.
src/pages/admin/settings/SystemSettings.tsx(499,32): error TS18048: 'config.storage' is possibly 'undefined'.
src/pages/admin/settings/SystemSettings.tsx(508,32): error TS18048: 'config.storage' is possibly 'undefined'.
src/pages/admin/settings/SystemSettings.tsx(519,30): error TS18048: 'config.storage' is possibly 'undefined'.
src/pages/admin/users/UserManagement.tsx(233,52): error TS2554: Expected 0 arguments, but got 1.
src/pages/admin/users/UserManagement.tsx(244,16): error TS2345: Argument of type 'AdminUser[]' is not assignable to parameter of type 'SetStateAction<PaginatedResponse<UserProfile> | null>'.
src/pages/admin/users/UserManagement.tsx(302,43): error TS2339: Property 'exportUsers' does not exist on type '{ getUsers(): Promise<AdminUser[]>; getUser(id: string): Promise<AdminUser>; updateUser(id: string, data: Partial<AdminUser>): Promise<...>; ... 13 more ...; deleteBlogPost(id: string): Promise<...>; }'.
src/pages/admin/users/UserManagement.tsx(414,50): error TS18048: 'users.pagination' is possibly 'undefined'.
src/pages/admin/users/UserManagement.tsx(572,35): error TS2339: Property 'emailVerified' does not exist on type 'UserProfile'.
src/pages/admin/users/UserManagement.tsx(577,35): error TS2339: Property 'twoFactorEnabled' does not exist on type 'UserProfile'.
src/pages/admin/users/UserManagement.tsx(601,31): error TS2339: Property 'organizations' does not exist on type 'UserProfile'.
src/pages/admin/users/UserManagement.tsx(601,62): error TS7006: Parameter 'org' implicitly has an 'any' type.
src/pages/admin/users/UserManagement.tsx(610,31): error TS2339: Property 'organizations' does not exist on type 'UserProfile'.
src/pages/admin/users/UserManagement.tsx(612,36): error TS2339: Property 'organizations' does not exist on type 'UserProfile'.
src/pages/admin/users/UserManagement.tsx(721,17): error TS18048: 'users.pagination' is possibly 'undefined'.
src/pages/admin/users/UserManagement.tsx(731,36): error TS18048: 'users.pagination' is possibly 'undefined'.
src/pages/admin/users/UserManagement.tsx(736,39): error TS18048: 'users.pagination' is possibly 'undefined'.
src/pages/analytics/AnalyticsPage.tsx(50,3): error TS2724: '"@/lib/api/analytics-api"' has no exported member named 'WorkspaceAnalytics'. Did you mean 'useWorkspaceAnalytics'?
src/pages/analytics/AnalyticsPage.tsx(54,3): error TS2724: '"@/lib/api/analytics-api"' has no exported member named 'AnalyticsDateRange'. Did you mean 'AnalyticsData'?
src/pages/analytics/AnalyticsPage.tsx(118,26): error TS2339: Property 'getTeamPerformance' does not exist on type '{ getWorkspaceAnalytics(workspaceId: string, period?: string): Promise<AnalyticsData[]>; getUserAnalytics(workspaceId: string): Promise<UserAnalytics[]>; }'.
src/pages/analytics/AnalyticsPage.tsx(119,26): error TS2551: Property 'getFileAnalytics' does not exist on type '{ getWorkspaceAnalytics(workspaceId: string, period?: string): Promise<AnalyticsData[]>; getUserAnalytics(workspaceId: string): Promise<UserAnalytics[]>; }'. Did you mean 'getUserAnalytics'?
src/pages/analytics/AnalyticsPage.tsx(120,26): error TS2551: Property 'getCalendarAnalytics' does not exist on type '{ getWorkspaceAnalytics(workspaceId: string, period?: string): Promise<AnalyticsData[]>; getUserAnalytics(workspaceId: string): Promise<UserAnalytics[]>; }'. Did you mean 'getUserAnalytics'?
src/pages/analytics/AnalyticsPage.tsx(142,43): error TS2339: Property 'exportAnalyticsData' does not exist on type '{ getWorkspaceAnalytics(workspaceId: string, period?: string): Promise<AnalyticsData[]>; getUserAnalytics(workspaceId: string): Promise<UserAnalytics[]>; }'.
src/pages/analytics/AnalyticsPage.tsx(211,75): error TS7006: Parameter 'value' implicitly has an 'any' type.
src/pages/analytics/AnalyticsPage.tsx(211,82): error TS7006: Parameter 'index' implicitly has an 'any' type.
src/pages/analytics/AnalyticsPage.tsx(273,82): error TS7006: Parameter 'user' implicitly has an 'any' type.
src/pages/analytics/AnalyticsPage.tsx(273,88): error TS7006: Parameter 'index' implicitly has an 'any' type.
src/pages/analytics/AnalyticsPage.tsx(366,66): error TS7006: Parameter 'project' implicitly has an 'any' type.
src/pages/analytics/AnalyticsPage.tsx(403,37): error TS7006: Parameter '_' implicitly has an 'any' type.
src/pages/analytics/AnalyticsPage.tsx(403,40): error TS7006: Parameter 'index' implicitly has an 'any' type.
src/pages/analytics/AnalyticsPage.tsx(421,58): error TS7006: Parameter 'project' implicitly has an 'any' type.
src/pages/analytics/AnalyticsPage.tsx(449,75): error TS7006: Parameter 'user' implicitly has an 'any' type.
src/pages/analytics/AnalyticsPage.tsx(461,36): error TS2339: Property 'overview' does not exist on type 'TeamPerformance'.
src/pages/analytics/AnalyticsPage.tsx(466,36): error TS2339: Property 'overview' does not exist on type 'TeamPerformance'.
src/pages/analytics/AnalyticsPage.tsx(472,49): error TS2339: Property 'teamVelocity' does not exist on type 'number'.
src/pages/analytics/AnalyticsPage.tsx(478,52): error TS2339: Property 'qualityScore' does not exist on type 'number'.
src/pages/analytics/AnalyticsPage.tsx(524,79): error TS2339: Property 'sprintCompletion' does not exist on type 'number'.
src/pages/analytics/AnalyticsPage.tsx(528,79): error TS2339: Property 'cycleTime' does not exist on type 'number'.
src/pages/analytics/AnalyticsPage.tsx(532,79): error TS2339: Property 'throughput' does not exist on type 'number'.
src/pages/analytics/AnalyticsPage.tsx(542,50): error TS18048: 'teamPerformance.collaboration' is possibly 'undefined'.
src/pages/analytics/AnalyticsPage.tsx(542,80): error TS2339: Property 'knowledgeSharing' does not exist on type '{ meetingEfficiency: number; communicationScore: number; collaborationRate: number; }'.
src/pages/analytics/AnalyticsPage.tsx(546,50): error TS18048: 'teamPerformance.collaboration' is possibly 'undefined'.
src/pages/analytics/AnalyticsPage.tsx(546,80): error TS2339: Property 'communicationFrequency' does not exist on type '{ meetingEfficiency: number; communicationScore: number; collaborationRate: number; }'.
src/pages/analytics/AnalyticsPage.tsx(550,50): error TS18048: 'teamPerformance.collaboration' is possibly 'undefined'.
src/pages/analytics/AnalyticsPage.tsx(626,13): error TS2322: Type 'number | undefined' is not assignable to type 'string | number'.
  Type 'undefined' is not assignable to type 'string | number'.
src/pages/analytics/AnalyticsPage.tsx(705,13): error TS2339: Property 'overview' does not exist on type 'CalendarAnalytics'.
src/pages/analytics/AnalyticsPage.tsx(705,23): error TS2339: Property 'patterns' does not exist on type 'CalendarAnalytics'.
src/pages/analytics/AnalyticsPage.tsx(705,33): error TS2339: Property 'meetings' does not exist on type 'CalendarAnalytics'.
src/pages/analytics/AnalyticsPage.tsx(707,50): error TS7006: Parameter 'hour' implicitly has an 'any' type.
src/pages/analytics/AnalyticsPage.tsx(713,48): error TS7006: Parameter 'day' implicitly has an 'any' type.
src/pages/chat/ChatPage.tsx(70,5): error TS2322: Type '{ id: string; name: string | undefined; url: string; type: string; size: number | undefined; }[] | undefined' is not assignable to type 'Attachment[] | undefined'.
  Type '{ id: string; name: string | undefined; url: string; type: string; size: number | undefined; }[]' is not assignable to type 'Attachment[]'.
    Type '{ id: string; name: string | undefined; url: string; type: string; size: number | undefined; }' is not assignable to type 'Attachment'.
      Types of property 'name' are incompatible.
        Type 'string | undefined' is not assignable to type 'string'.
          Type 'undefined' is not assignable to type 'string'.
src/pages/chat/ChatPage.tsx(77,5): error TS2322: Type '{ id: string | undefined; value: string; count: number; memberIds: (string | undefined)[]; }[] | undefined' is not assignable to type 'Reaction[] | undefined'.
  Type '{ id: string | undefined; value: string; count: number; memberIds: (string | undefined)[]; }[]' is not assignable to type 'Reaction[]'.
    Type '{ id: string | undefined; value: string; count: number; memberIds: (string | undefined)[]; }' is not assignable to type 'Reaction'.
      Types of property 'id' are incompatible.
        Type 'string | undefined' is not assignable to type 'string'.
          Type 'undefined' is not assignable to type 'string'.
src/pages/chat/ChatPage.tsx(356,9): error TS2322: Type 'Message[] | undefined' is not assignable to type 'Message[]'.
  Type 'undefined' is not assignable to type 'Message[]'.
src/pages/files/FilesPage.tsx(158,9): error TS7034: Variable 'result' implicitly has type 'any[]' in some locations where its type cannot be determined.
src/pages/files/FilesPage.tsx(208,26): error TS7005: Variable 'result' implicitly has an 'any[]' type.
src/pages/files/FilesPage.tsx(208,36): error TS7005: Variable 'result' implicitly has an 'any[]' type.
src/pages/files/FilesPage.tsx(713,15): error TS2322: Type '(file: import("/Users/user/Desktop/deskive/frontend/src/lib/api/files-api").FileItem) => void' is not assignable to type '(file: import("/Users/user/Desktop/deskive/frontend/src/types/files").FileItem) => void'.
  Types of parameters 'file' and 'file' are incompatible.
    Type 'import("/Users/user/Desktop/deskive/frontend/src/types/files").FileItem' is not assignable to type 'import("/Users/user/Desktop/deskive/frontend/src/lib/api/files-api").FileItem'.
      Types of property 'parentId' are incompatible.
        Type 'string | null | undefined' is not assignable to type 'string | undefined'.
          Type 'null' is not assignable to type 'string | undefined'.
src/pages/integrations/components/InstalledIntegrationsList.tsx(110,9): error TS2353: Object literal may only specify known properties, and 'status' does not exist in type 'Partial<Integration>'.
src/pages/integrations/components/InstalledIntegrationsList.tsx(247,73): error TS2345: Argument of type 'IntegrationCategory | undefined' is not assignable to parameter of type 'IntegrationCategory'.
  Type 'undefined' is not assignable to type 'IntegrationCategory'.
src/pages/integrations/components/InstalledIntegrationsList.tsx(273,60): error TS2345: Argument of type 'string | undefined' is not assignable to parameter of type 'string'.
  Type 'undefined' is not assignable to type 'string'.
src/pages/integrations/components/IntegrationConfiguration.tsx(75,7): error TS2322: Type 'string' is not assignable to type '"REALTIME" | "15MIN" | "1HOUR" | "6HOUR" | "12HOUR" | "24HOUR" | undefined'.
src/pages/integrations/components/IntegrationConfiguration.tsx(104,9): error TS2559: Type '{ configuration: { syncFrequency: "REALTIME" | "15MIN" | "1HOUR" | "6HOUR" | "12HOUR" | "24HOUR"; syncEnabled: boolean; notificationsEnabled: boolean; settings: Record<string, any>; authData: { ...; } | undefined; webhooks?: { ...; }[] | undefined; }; }' has no properties in common with type 'Partial<Integration>'.
src/pages/integrations/components/IntegrationConfiguration.tsx(496,38): error TS2345: Argument of type '(data: ConfigurationFormData) => Promise<void>' is not assignable to parameter of type 'SubmitHandler<TFieldValues>'.
  Types of parameters 'data' and 'data' are incompatible.
    Type 'TFieldValues' is not assignable to type '{ syncFrequency: "REALTIME" | "15MIN" | "1HOUR" | "6HOUR" | "12HOUR" | "24HOUR"; syncEnabled: boolean; notificationsEnabled: boolean; apiKey?: string | undefined; customSettings?: Record<...> | undefined; }'.
      Type 'FieldValues' is missing the following properties from type '{ syncFrequency: "REALTIME" | "15MIN" | "1HOUR" | "6HOUR" | "12HOUR" | "24HOUR"; syncEnabled: boolean; notificationsEnabled: boolean; apiKey?: string | undefined; customSettings?: Record<...> | undefined; }': syncFrequency, syncEnabled, notificationsEnabled
src/pages/integrations/components/IntegrationDetail.tsx(77,11): error TS2345: Argument of type 'string | undefined' is not assignable to parameter of type 'string'.
  Type 'undefined' is not assignable to type 'string'.
src/pages/integrations/components/IntegrationDetail.tsx(258,43): error TS2345: Argument of type 'number | undefined' is not assignable to parameter of type 'number'.
  Type 'undefined' is not assignable to type 'number'.
src/pages/integrations/components/IntegrationDetail.tsx(362,16): error TS18048: 'integration.screenshots.length' is possibly 'undefined'.
src/pages/integrations/components/IntegrationDetail.tsx(420,33): error TS2769: No overload matches this call.
  Overload 1 of 4, '(value: string | number | Date): Date', gave the following error.
    Argument of type 'string | undefined' is not assignable to parameter of type 'string | number | Date'.
      Type 'undefined' is not assignable to type 'string | number | Date'.
  Overload 2 of 4, '(value: string | number): Date', gave the following error.
    Argument of type 'string | undefined' is not assignable to parameter of type 'string | number'.
      Type 'undefined' is not assignable to type 'string | number'.
src/pages/integrations/components/IntegrationFilters.tsx(277,48): error TS2345: Argument of type 'string' is not assignable to parameter of type 'IntegrationCategory'.
src/pages/integrations/components/IntegrationFilters.tsx(294,46): error TS2345: Argument of type 'string' is not assignable to parameter of type 'AuthType'.
src/pages/integrations/components/IntegrationFilters.tsx(310,45): error TS2345: Argument of type 'string' is not assignable to parameter of type '"FREE" | "FREEMIUM" | "PAID"'.
src/pages/integrations/components/IntegrationGrid.tsx(37,3): error TS2353: Object literal may only specify known properties, and ''SOCIAL_MEDIA'' does not exist in type 'Record<IntegrationCategory, string>'.
src/pages/integrations/components/IntegrationGrid.tsx(110,46): error TS2538: Type 'undefined' cannot be used as an index type.
src/pages/integrations/components/IntegrationGrid.tsx(112,37): error TS2345: Argument of type 'IntegrationCategory | undefined' is not assignable to parameter of type 'IntegrationCategory'.
  Type 'undefined' is not assignable to type 'IntegrationCategory'.
src/pages/integrations/components/IntegrationGrid.tsx(132,45): error TS2345: Argument of type 'number | undefined' is not assignable to parameter of type 'number'.
  Type 'undefined' is not assignable to type 'number'.
src/pages/integrations/components/IntegrationList.tsx(37,3): error TS2353: Object literal may only specify known properties, and ''SOCIAL_MEDIA'' does not exist in type 'Record<IntegrationCategory, string>'.
src/pages/integrations/components/IntegrationList.tsx(113,24): error TS18048: 'integration.features.length' is possibly 'undefined'.
src/pages/integrations/components/IntegrationList.tsx(120,28): error TS18048: 'integration.features.length' is possibly 'undefined'.
src/pages/integrations/components/IntegrationList.tsx(122,33): error TS18048: 'integration.features.length' is possibly 'undefined'.
src/pages/integrations/components/IntegrationList.tsx(140,53): error TS2345: Argument of type 'number | undefined' is not assignable to parameter of type 'number'.
  Type 'undefined' is not assignable to type 'number'.
src/pages/integrations/components/IntegrationList.tsx(145,54): error TS2538: Type 'undefined' cannot be used as an index type.
src/pages/integrations/components/IntegrationList.tsx(147,45): error TS2345: Argument of type 'IntegrationCategory | undefined' is not assignable to parameter of type 'IntegrationCategory'.
  Type 'undefined' is not assignable to type 'IntegrationCategory'.
src/pages/integrations/components/IntegrationLogs.tsx(109,11): error TS2353: Object literal may only specify known properties, and 'startDate' does not exist in type '{ limit?: number | undefined; offset?: number | undefined; level?: "ERROR" | "INFO" | "WARN" | undefined; }'.
src/pages/integrations/components/IntegrationWebhooks.tsx(507,24): error TS18048: 'webhook.failureCount' is possibly 'undefined'.
src/pages/monitoring/components/AlertManagement.tsx(103,40): error TS2538: Type 'undefined' cannot be used as an index type.
src/pages/monitoring/components/AlertManagement.tsx(146,14): error TS18048: 'alert.tags' is possibly 'undefined'.
src/pages/monitoring/components/AlertManagement.tsx(148,18): error TS18048: 'alert.tags' is possibly 'undefined'.
src/pages/monitoring/components/AlertManagement.tsx(192,8): error TS18048: 'alert.affectedComponents' is possibly 'undefined'.
src/pages/monitoring/components/AlertManagement.tsx(196,14): error TS18048: 'alert.affectedComponents' is possibly 'undefined'.
src/pages/monitoring/components/AlertManagement.tsx(224,14): error TS18048: 'rule.notifications' is possibly 'undefined'.
src/pages/monitoring/components/AlertManagement.tsx(225,14): error TS18048: 'rule.notifications' is possibly 'undefined'.
src/pages/monitoring/components/AlertManagement.tsx(226,16): error TS18048: 'rule.notifications' is possibly 'undefined'.
src/pages/monitoring/components/AlertManagement.tsx(257,12): error TS2345: Argument of type '{ name: string; description: string; metric: string; condition: "gt" | "lt" | "eq" | "gte" | "lte" | "greater_than"; threshold: number; duration: number; severity: "info" | "low" | "high" | "medium" | "critical"; ... 5 more ...; updatedAt?: string | undefined; }' is not assignable to parameter of type 'Partial<AlertRule>'.
  Types of property 'condition' are incompatible.
    Type '"gt" | "lt" | "eq" | "gte" | "lte" | "greater_than"' is not assignable to type '"gt" | "lt" | "eq" | "gte" | "lte" | undefined'.
      Type '"greater_than"' is not assignable to type '"gt" | "lt" | "eq" | "gte" | "lte" | undefined'.
src/pages/monitoring/components/AlertManagement.tsx(423,17): error TS2322: Type 'string | true' is not assignable to type 'string | number | readonly string[] | undefined'.
  Type 'true' is not assignable to type 'string | number | readonly string[] | undefined'.
src/pages/monitoring/components/AlertManagement.tsx(490,7): error TS18048: 'alert.metric' is possibly 'undefined'.
src/pages/monitoring/components/APIMonitoring.tsx(128,16): error TS2339: Property 'endpoint' does not exist on type 'APIEndpointMetrics'.
src/pages/monitoring/components/APIMonitoring.tsx(194,43): error TS2345: Argument of type '"endpoint"' is not assignable to parameter of type 'keyof APIEndpointMetrics'.
src/pages/monitoring/components/APIMonitoring.tsx(197,18): error TS2367: This comparison appears to be unintentional because the types 'keyof APIEndpointMetrics' and '"endpoint"' have no overlap.
src/pages/monitoring/components/APIMonitoring.tsx(224,43): error TS2345: Argument of type '"p99ResponseTime"' is not assignable to parameter of type 'keyof APIEndpointMetrics'.
src/pages/monitoring/components/APIMonitoring.tsx(239,43): error TS2345: Argument of type '"throughput"' is not assignable to parameter of type 'keyof APIEndpointMetrics'.
src/pages/monitoring/components/APIMonitoring.tsx(253,55): error TS2339: Property 'endpoint' does not exist on type 'APIEndpointMetrics'.
src/pages/monitoring/components/APIMonitoring.tsx(255,70): error TS2339: Property 'endpoint' does not exist on type 'APIEndpointMetrics'.
src/pages/monitoring/components/APIMonitoring.tsx(275,29): error TS2339: Property 'p99ResponseTime' does not exist on type 'APIEndpointMetrics'.
src/pages/monitoring/components/APIMonitoring.tsx(283,29): error TS2339: Property 'throughput' does not exist on type 'APIEndpointMetrics'.
src/pages/monitoring/components/APIMonitoring.tsx(288,38): error TS2339: Property 'status2xx' does not exist on type 'APIEndpointMetrics'.
src/pages/monitoring/components/APIMonitoring.tsx(290,31): error TS2339: Property 'status4xx' does not exist on type 'APIEndpointMetrics'.
src/pages/monitoring/components/APIMonitoring.tsx(292,40): error TS2339: Property 'status4xx' does not exist on type 'APIEndpointMetrics'.
src/pages/monitoring/components/APIMonitoring.tsx(295,31): error TS2339: Property 'status5xx' does not exist on type 'APIEndpointMetrics'.
src/pages/monitoring/components/APIMonitoring.tsx(297,40): error TS2339: Property 'status5xx' does not exist on type 'APIEndpointMetrics'.
src/pages/monitoring/components/APIMonitoring.tsx(390,31): error TS2339: Property 'status2xx' does not exist on type 'APIEndpointMetrics'.
src/pages/monitoring/components/APIMonitoring.tsx(391,31): error TS2339: Property 'status4xx' does not exist on type 'APIEndpointMetrics'.
src/pages/monitoring/components/APIMonitoring.tsx(392,31): error TS2339: Property 'status5xx' does not exist on type 'APIEndpointMetrics'.
src/pages/monitoring/components/APIMonitoring.tsx(502,37): error TS2339: Property 'uptime' does not exist on type '{ totalRequests: number; successRate: number; averageResponseTime: number; errorRate: number; }'.
src/pages/monitoring/components/APIMonitoring.tsx(505,54): error TS2339: Property 'uptime' does not exist on type '{ totalRequests: number; successRate: number; averageResponseTime: number; errorRate: number; }'.
src/pages/monitoring/components/APIMonitoring.tsx(555,25): error TS2339: Property 'slowestEndpoints' does not exist on type 'APIMonitoringMetrics'.
src/pages/monitoring/components/APIMonitoring.tsx(555,59): error TS7006: Parameter 'endpoint' implicitly has an 'any' type.
src/pages/monitoring/components/APIMonitoring.tsx(594,25): error TS2339: Property 'errorProneEndpoints' does not exist on type 'APIMonitoringMetrics'.
src/pages/monitoring/components/APIMonitoring.tsx(594,62): error TS7006: Parameter 'endpoint' implicitly has an 'any' type.
src/pages/monitoring/components/LogAggregation.tsx(113,23): error TS7053: Element implicitly has an 'any' type because expression of type '"info" | "error" | "debug" | "warn" | "fatal"' can't be used to index type '{ error: { color: string; bg: string; border: string; text: string; icon: ForwardRefExoticComponent<Omit<LucideProps, "ref"> & RefAttributes<SVGSVGElement>>; badge: string; }; warn: { ...; }; info: { ...; }; debug: { ...; }; }'.
  Property 'fatal' does not exist on type '{ error: { color: string; bg: string; border: string; text: string; icon: ForwardRefExoticComponent<Omit<LucideProps, "ref"> & RefAttributes<SVGSVGElement>>; badge: string; }; warn: { ...; }; info: { ...; }; debug: { ...; }; }'.
src/pages/monitoring/components/LogAggregation.tsx(389,29): error TS18046: 'b' is of type 'unknown'.
src/pages/monitoring/components/LogAggregation.tsx(389,33): error TS18046: 'a' is of type 'unknown'.
src/pages/monitoring/components/LogAggregation.tsx(487,27): error TS7006: Parameter 'error' implicitly has an 'any' type.
src/pages/monitoring/components/LogAggregation.tsx(487,34): error TS7006: Parameter 'index' implicitly has an 'any' type.
src/pages/monitoring/components/LogAggregation.tsx(518,64): error TS2345: Argument of type 'LogEntry[] | undefined' is not assignable to parameter of type 'LogEntry[] | (() => LogEntry[])'.
  Type 'undefined' is not assignable to type 'LogEntry[] | (() => LogEntry[])'.
src/pages/monitoring/components/LogAggregation.tsx(524,44): error TS18048: 'logs.logs' is possibly 'undefined'.
src/pages/monitoring/components/LogAggregation.tsx(531,18): error TS18048: 'filtered' is possibly 'undefined'.
src/pages/monitoring/components/LogAggregation.tsx(535,18): error TS18048: 'filtered' is possibly 'undefined'.
src/pages/monitoring/components/LogAggregation.tsx(540,18): error TS18048: 'filtered' is possibly 'undefined'.
src/pages/monitoring/components/LogAggregation.tsx(542,9): error TS18048: 'log.source' is possibly 'undefined'.
src/pages/monitoring/components/LogAggregation.tsx(549,18): error TS18048: 'filtered' is possibly 'undefined'.
src/pages/monitoring/components/LogAggregation.tsx(557,21): error TS2345: Argument of type 'LogEntry[] | undefined' is not assignable to parameter of type 'SetStateAction<LogEntry[]>'.
  Type 'undefined' is not assignable to type 'SetStateAction<LogEntry[]>'.
src/pages/monitoring/components/LogAggregation.tsx(580,21): error TS2345: Argument of type 'LogEntry[] | undefined' is not assignable to parameter of type 'SetStateAction<LogEntry[]>'.
  Type 'undefined' is not assignable to type 'SetStateAction<LogEntry[]>'.
src/pages/monitoring/components/LogAggregation.tsx(661,55): error TS2322: Type '(string | undefined)[]' is not assignable to type 'string[]'.
  Type 'string | undefined' is not assignable to type 'string'.
    Type 'undefined' is not assignable to type 'string'.
src/pages/monitoring/components/PerformanceCharts.tsx(225,21): error TS2339: Property 'status4xx' does not exist on type '{ total: number; errorRate: number; byType: Record<string, number>; }'.
src/pages/monitoring/components/PerformanceCharts.tsx(226,21): error TS2339: Property 'status5xx' does not exist on type '{ total: number; errorRate: number; byType: Record<string, number>; }'.
src/pages/monitoring/components/PerformanceCharts.tsx(264,19): error TS2339: Property 'status4xx' does not exist on type '{ total: number; errorRate: number; byType: Record<string, number>; }'.
src/pages/monitoring/components/PerformanceCharts.tsx(273,19): error TS2339: Property 'status5xx' does not exist on type '{ total: number; errorRate: number; byType: Record<string, number>; }'.
src/pages/monitoring/components/PerformanceCharts.tsx(314,18): error TS18048: 'data' is possibly 'undefined'.
src/pages/monitoring/components/PerformanceCharts.tsx(314,23): error TS2339: Property 'connections' does not exist on type '{ queryTime: number; activeConnections: number; slowQueries: number; }'.
src/pages/monitoring/components/PerformanceCharts.tsx(315,16): error TS18048: 'data' is possibly 'undefined'.
src/pages/monitoring/components/PerformanceCharts.tsx(316,18): error TS18048: 'data' is possibly 'undefined'.
src/pages/monitoring/components/PerformanceCharts.tsx(328,13): error TS18048: 'data' is possibly 'undefined'.
src/pages/monitoring/components/PerformanceCharts.tsx(329,13): error TS18048: 'data' is possibly 'undefined'.
src/pages/monitoring/components/PerformanceCharts.tsx(332,14): error TS18048: 'data' is possibly 'undefined'.
src/pages/monitoring/components/PerformanceCharts.tsx(333,14): error TS18048: 'data' is possibly 'undefined'.
src/pages/monitoring/components/PerformanceCharts.tsx(345,14): error TS18048: 'data' is possibly 'undefined'.
src/pages/monitoring/components/PerformanceCharts.tsx(345,19): error TS2339: Property 'connections' does not exist on type '{ queryTime: number; activeConnections: number; slowQueries: number; }'.
src/pages/monitoring/components/PerformanceCharts.tsx(354,14): error TS18048: 'data' is possibly 'undefined'.
src/pages/monitoring/components/PerformanceCharts.tsx(354,19): error TS2339: Property 'activeQueries' does not exist on type '{ queryTime: number; activeConnections: number; slowQueries: number; }'.
src/pages/monitoring/components/PerformanceCharts.tsx(363,14): error TS18048: 'data' is possibly 'undefined'.
src/pages/monitoring/components/PerformanceCharts.tsx(372,14): error TS18048: 'data' is possibly 'undefined'.
src/pages/monitoring/components/PerformanceCharts.tsx(411,32): error TS18048: 'data' is possibly 'undefined'.
src/pages/monitoring/components/PerformanceCharts.tsx(412,33): error TS18048: 'data' is possibly 'undefined'.
src/pages/monitoring/components/PerformanceCharts.tsx(424,13): error TS18048: 'data' is possibly 'undefined'.
src/pages/monitoring/components/PerformanceCharts.tsx(425,13): error TS18048: 'data' is possibly 'undefined'.
src/pages/monitoring/components/PerformanceCharts.tsx(428,14): error TS18048: 'data' is possibly 'undefined'.
src/pages/monitoring/components/PerformanceCharts.tsx(429,14): error TS18048: 'data' is possibly 'undefined'.
src/pages/monitoring/components/PerformanceCharts.tsx(443,18): error TS18048: 'data' is possibly 'undefined'.
src/pages/monitoring/components/PerformanceCharts.tsx(452,18): error TS18048: 'data' is possibly 'undefined'.
src/pages/monitoring/components/PerformanceCharts.tsx(460,46): error TS18048: 'data' is possibly 'undefined'.
src/pages/monitoring/components/PerformanceCharts.tsx(465,19): error TS18048: 'data' is possibly 'undefined'.
src/pages/monitoring/components/PerformanceCharts.tsx(465,24): error TS2339: Property 'memoryUsage' does not exist on type '{ hitRate: number; missRate: number; evictions: number; }'.
src/pages/monitoring/components/PerformanceCharts.tsx(533,11): error TS2322: Type 'number | undefined' is not assignable to type 'string | number'.
  Type 'undefined' is not assignable to type 'string | number'.

> frontend@0.0.0 build
> tsc -b && vite build

src/components/whiteboard/WhiteboardCanvas.tsx(554,18): error TS18048: 'text.position' is possibly 'undefined'.
src/components/whiteboard/WhiteboardCanvas.tsx(554,35): error TS18048: 'text.position' is possibly 'undefined'.
src/components/whiteboard/WhiteboardCanvas.tsx(555,18): error TS18048: 'text.position' is possibly 'undefined'.
src/components/whiteboard/WhiteboardCanvas.tsx(555,51): error TS18048: 'text.position' is possibly 'undefined'.
src/components/whiteboard/WhiteboardCanvas.tsx(561,29): error TS18048: 'text.position' is possibly 'undefined'.
src/components/whiteboard/WhiteboardCanvas.tsx(561,46): error TS18048: 'text.position' is possibly 'undefined'.
src/components/whiteboard/WhiteboardCanvas.tsx(675,5): error TS2322: Type 'string | undefined' is not assignable to type 'string | CanvasGradient | CanvasPattern'.
  Type 'undefined' is not assignable to type 'string | CanvasGradient | CanvasPattern'.
src/components/whiteboard/WhiteboardCanvas.tsx(681,5): error TS2322: Type 'string | undefined' is not assignable to type 'string | CanvasGradient | CanvasPattern'.
  Type 'undefined' is not assignable to type 'string | CanvasGradient | CanvasPattern'.
src/components/whiteboard/WhiteboardCanvas.tsx(683,18): error TS2345: Argument of type 'string | undefined' is not assignable to parameter of type 'string'.
  Type 'undefined' is not assignable to type 'string'.
src/components/whiteboard/WhiteboardParticipants.tsx(79,37): error TS2769: No overload matches this call.
  Overload 1 of 4, '(value: string | number | Date): Date', gave the following error.
    Argument of type 'number | undefined' is not assignable to parameter of type 'string | number | Date'.
      Type 'undefined' is not assignable to type 'string | number | Date'.
  Overload 2 of 4, '(value: string | number): Date', gave the following error.
    Argument of type 'number | undefined' is not assignable to parameter of type 'string | number'.
      Type 'undefined' is not assignable to type 'string | number'.
src/components/whiteboard/WhiteboardSettings.tsx(53,22): error TS18048: 'session.state' is possibly 'undefined'.
src/contexts/WebSocketContext.tsx(69,5): error TS2353: Object literal may only specify known properties, and 'isConnected' does not exist in type '() => ConnectionState'.
src/contexts/WebSocketContext.tsx(79,39): error TS2339: Property 'isConnected' does not exist on type 'ConnectionState'.
  Property 'isConnected' does not exist on type '"error"'.
src/contexts/WebSocketContext.tsx(83,45): error TS2339: Property 'isConnected' does not exist on type 'ConnectionState'.
  Property 'isConnected' does not exist on type '"error"'.
src/contexts/WebSocketContext.tsx(86,30): error TS2554: Expected 1 arguments, but got 0.
src/contexts/WebSocketContext.tsx(87,26): error TS2345: Argument of type 'ConnectionStateInfo' is not assignable to parameter of type 'SetStateAction<ConnectionState>'.
src/contexts/WebSocketContext.tsx(90,26): error TS2345: Argument of type 'ConnectionStateInfo' is not assignable to parameter of type 'SetStateAction<ConnectionState>'.
src/contexts/WebSocketContext.tsx(92,40): error TS2339: Property 'isConnected' does not exist on type 'ConnectionState'.
  Property 'isConnected' does not exist on type '"error"'.
src/contexts/WebSocketContext.tsx(96,24): error TS2345: Argument of type 'ConnectionStateInfo' is not assignable to parameter of type 'SetStateAction<ConnectionState>'.
src/contexts/WebSocketContext.tsx(104,22): error TS2554: Expected 1 arguments, but got 0.
src/contexts/WebSocketContext.tsx(109,25): error TS2345: Argument of type 'WebSocketEvent' is not assignable to parameter of type 'WebSocketEventType'.
src/contexts/WebSocketContext.tsx(113,26): error TS2345: Argument of type 'WebSocketEvent' is not assignable to parameter of type 'WebSocketEventType'.
src/contexts/WebSocketContext.tsx(127,54): error TS2554: Expected 2 arguments, but got 4.
src/contexts/WebSocketContext.tsx(148,45): error TS2554: Expected 1 arguments, but got 2.
src/contexts/WebSocketContext.tsx(152,42): error TS2345: Argument of type 'string[]' is not assignable to parameter of type 'string'.
src/contexts/WebSocketContext.tsx(156,46): error TS2345: Argument of type 'string[] | undefined' is not assignable to parameter of type 'string'.
  Type 'undefined' is not assignable to type 'string'.
src/contexts/WebSocketContext.tsx(174,26): error TS2345: Argument of type 'ConnectionStateInfo' is not assignable to parameter of type 'SetStateAction<ConnectionState>'.
src/contexts/WebSocketContext.tsx(178,26): error TS2345: Argument of type 'ConnectionStateInfo' is not assignable to parameter of type 'SetStateAction<ConnectionState>'.
src/contexts/WebSocketContext.tsx(182,26): error TS2345: Argument of type 'ConnectionStateInfo' is not assignable to parameter of type 'SetStateAction<ConnectionState>'.
src/contexts/WebSocketContext.tsx(274,61): error TS2339: Property 'isReconnecting' does not exist on type 'ConnectionState'.
  Property 'isReconnecting' does not exist on type '"error"'.
src/contexts/WebSocketContext.tsx(279,53): error TS2339: Property 'isReconnecting' does not exist on type 'ConnectionState'.
  Property 'isReconnecting' does not exist on type '"error"'.
src/contexts/WebSocketContext.tsx(333,47): error TS2339: Property 'timestamp' does not exist on type 'TypingData'.
src/contexts/WorkspaceContext.tsx(175,18): error TS2345: Argument of type '(prev: WorkspaceMember[]) => (WorkspaceMember | { message: string; })[]' is not assignable to parameter of type 'SetStateAction<WorkspaceMember[]>'.
  Type '(prev: WorkspaceMember[]) => (WorkspaceMember | { message: string; })[]' is not assignable to type '(prevState: WorkspaceMember[]) => WorkspaceMember[]'.
    Type '(WorkspaceMember | { message: string; })[]' is not assignable to type 'WorkspaceMember[]'.
      Type 'WorkspaceMember | { message: string; }' is not assignable to type 'WorkspaceMember'.
        Type '{ message: string; }' is missing the following properties from type 'WorkspaceMember': id, workspaceId, userId, user, and 2 more.
src/contexts/WorkspaceContext.tsx(176,7): error TS2740: Type '{ message: string; }' is missing the following properties from type 'WorkspaceMember': id, workspaceId, userId, user, and 2 more.
src/hooks/usePresence.ts(8,35): error TS2307: Cannot find module '../services' or its corresponding type declarations.
src/hooks/useRealTimeChat.ts(8,43): error TS2307: Cannot find module '../services' or its corresponding type declarations.
src/hooks/useRealTimeChat.ts(95,40): error TS2339: Property 'createdAt' does not exist on type 'ChatMessage'.
src/hooks/useRealTimeChat.ts(105,7): error TS2353: Object literal may only specify known properties, and 'id' does not exist in type 'ChatMessage'.
src/hooks/useRealTimeChat.ts(219,35): error TS2339: Property 'content' does not exist on type 'ChatMessage'.
src/hooks/useRealTimeChat.ts(233,54): error TS2339: Property 'id' does not exist on type 'ChatMessage'.
src/hooks/useRealTimeChat.ts(250,15): error TS2339: Property 'id' does not exist on type 'ChatMessage'.
src/hooks/useRealTimeChat.ts(260,51): error TS2339: Property 'id' does not exist on type 'ChatMessage'.
src/hooks/useRealTimeChat.ts(268,19): error TS2339: Property 'id' does not exist on type 'ChatMessage'.
src/hooks/useRealTimeChat.ts(269,40): error TS2339: Property 'reactions' does not exist on type 'ChatMessage'.
src/hooks/useRealTimeChat.ts(282,19): error TS2339: Property 'id' does not exist on type 'ChatMessage'.
src/hooks/useRealTimeChat.ts(283,36): error TS2339: Property 'reactions' does not exist on type 'ChatMessage'.
src/hooks/useRealTimeChat.ts(283,60): error TS7006: Parameter 'r' implicitly has an 'any' type.
src/hooks/useRealTimeChat.ts(292,8): error TS2345: Argument of type 'string' is not assignable to parameter of type 'WebSocketEvent'.
src/hooks/useRealTimeChat.ts(293,8): error TS2345: Argument of type 'string' is not assignable to parameter of type 'WebSocketEvent'.
src/hooks/useRealTimeChat.ts(294,8): error TS2345: Argument of type 'string' is not assignable to parameter of type 'WebSocketEvent'.
src/hooks/useRealTimeChat.ts(295,8): error TS2345: Argument of type 'string' is not assignable to parameter of type 'WebSocketEvent'.
src/hooks/useRealTimeChat.ts(296,8): error TS2345: Argument of type 'string' is not assignable to parameter of type 'WebSocketEvent'.
src/hooks/useRealTimeChat.ts(299,11): error TS2345: Argument of type 'string' is not assignable to parameter of type 'WebSocketEvent'.
src/hooks/useRealTimeChat.ts(300,11): error TS2345: Argument of type 'string' is not assignable to parameter of type 'WebSocketEvent'.
src/hooks/useRealTimeChat.ts(301,11): error TS2345: Argument of type 'string' is not assignable to parameter of type 'WebSocketEvent'.
src/hooks/useRealTimeChat.ts(302,11): error TS2345: Argument of type 'string' is not assignable to parameter of type 'WebSocketEvent'.
src/hooks/useRealTimeChat.ts(303,11): error TS2345: Argument of type 'string' is not assignable to parameter of type 'WebSocketEvent'.
src/hooks/useRealTimeNotifications.ts(8,39): error TS2307: Cannot find module '../services' or its corresponding type declarations.
src/hooks/useRealTimeNotifications.ts(90,8): error TS2345: Argument of type 'string' is not assignable to parameter of type 'WebSocketEvent'.
src/hooks/useRealTimeNotifications.ts(93,11): error TS2345: Argument of type 'string' is not assignable to parameter of type 'WebSocketEvent'.
src/hooks/useSearchHistory.ts(4,29): error TS2724: '"@/lib/api/search-api"' has no exported member named 'SavedSearch'. Did you mean 'useSearch'?
src/hooks/useSearchHistory.ts(24,9): error TS2322: Type 'string[]' is not assignable to type 'RecentSearch[]'.
  Type 'string' is not assignable to type 'RecentSearch'.
src/hooks/useSearchHistory.ts(24,36): error TS2554: Expected 1 arguments, but got 0.
src/hooks/useSearchHistory.ts(42,36): error TS2554: Expected 1 arguments, but got 0.
src/hooks/useSearchHistory.ts(55,34): error TS2554: Expected 3 arguments, but got 1.
src/hooks/useSearchHistory.ts(76,34): error TS2339: Property 'updateSavedSearch' does not exist on type '{ search(workspaceId: string, options: SearchOptions): Promise<SearchResponse>; getSearchSuggestions(workspaceId: string, query: string): Promise<...>; ... 4 more ...; semanticSearch(workspaceId: string, options: SearchOptions): Promise<...>; }'.
src/hooks/useSearchHistory.ts(86,34): error TS2339: Property 'deleteSavedSearch' does not exist on type '{ search(workspaceId: string, options: SearchOptions): Promise<SearchResponse>; getSearchSuggestions(workspaceId: string, query: string): Promise<...>; ... 4 more ...; semanticSearch(workspaceId: string, options: SearchOptions): Promise<...>; }'.
src/hooks/useSearchHistory.ts(96,27): error TS2551: Property 'clearRecentSearches' does not exist on type '{ search(workspaceId: string, options: SearchOptions): Promise<SearchResponse>; getSearchSuggestions(workspaceId: string, query: string): Promise<...>; ... 4 more ...; semanticSearch(workspaceId: string, options: SearchOptions): Promise<...>; }'. Did you mean 'getRecentSearches'?
src/hooks/useSearchHistory.ts(98,21): error TS2339: Property 'clearRecentQueries' does not exist on type '{ search(workspaceId: string, options: SearchOptions): Promise<SearchResponse>; getSearchSuggestions(workspaceId: string, query: string): Promise<...>; ... 4 more ...; semanticSearch(workspaceId: string, options: SearchOptions): Promise<...>; }'.
src/hooks/useSearchHistory.ts(138,26): error TS2339: Property 'getRecentQueries' does not exist on type '{ search(workspaceId: string, options: SearchOptions): Promise<SearchResponse>; getSearchSuggestions(workspaceId: string, query: string): Promise<...>; ... 4 more ...; semanticSearch(workspaceId: string, options: SearchOptions): Promise<...>; }'.
src/hooks/useSearchSuggestions.ts(4,15): error TS2724: '"@/lib/api/search-api"' has no exported member named 'SearchSuggestion'. Did you mean 'useSearchSuggestions'?
src/hooks/useSearchSuggestions.ts(27,82): error TS2554: Expected 2 arguments, but got 3.
src/hooks/useUniversalSearch.ts(42,13): error TS2353: Object literal may only specify known properties, and 'totalResults' does not exist in type '{ totalHits: number; maxScore: number; took: number; }'.
src/hooks/useUniversalSearch.ts(52,9): error TS2353: Object literal may only specify known properties, and 'type' does not exist in type 'SearchQuery'.
src/hooks/useUniversalSearch.ts(73,34): error TS2554: Expected 3 arguments, but got 1.
src/hooks/useUniversalSearch.ts(127,62): error TS2345: Argument of type 'string' is not assignable to parameter of type 'SearchOptions'.
src/lib/api/admin-api.ts(286,79): error TS2353: Object literal may only specify known properties, and 'params' does not exist in type 'FetchWithAuthOptions'.
src/lib/api/admin-api.ts(300,72): error TS2353: Object literal may only specify known properties, and 'params' does not exist in type 'FetchWithAuthOptions'.
src/lib/api/files-api.ts(354,13): error TS2322: Type '{ id: string; workspaceId: string; workspace_id: string; name: string; type: "folder"; size: number; parentId: string | null; parent_id: string | null; starred: false; createdBy: string; created_by: string; ... 9 more ...; shareSettings: { ...; }; }[]' is not assignable to type 'FileItem[]'.
  Type '{ id: string; workspaceId: string; workspace_id: string; name: string; type: "folder"; size: number; parentId: string | null; parent_id: string | null; starred: false; createdBy: string; created_by: string; ... 9 more ...; shareSettings: { ...; }; }' is not assignable to type 'FileItem'.
    Types of property 'parentId' are incompatible.
      Type 'string | null' is not assignable to type 'string | undefined'.
        Type 'null' is not assignable to type 'string | undefined'.
src/lib/api/files-api.ts(379,13): error TS2322: Type '{ id: string; workspaceId: string; workspace_id: string; name: string; type: "file"; mimeType: string; mime_type: string; size: number; folderId: string | undefined; folder_id: string | null; ... 28 more ...; shareSettings: { ...; }; }[]' is not assignable to type 'FileItem[]'.
  Type '{ id: string; workspaceId: string; workspace_id: string; name: string; type: "file"; mimeType: string; mime_type: string; size: number; folderId: string | undefined; folder_id: string | null; ... 28 more ...; shareSettings: { ...; }; }' is not assignable to type 'FileItem'.
    Types of property 'parentId' are incompatible.
      Type 'string | null' is not assignable to type 'string | undefined'.
        Type 'null' is not assignable to type 'string | undefined'.
src/lib/api/files-api.ts(869,13): error TS2322: Type 'string | null | undefined' is not assignable to type 'string | undefined'.
  Type 'null' is not assignable to type 'string | undefined'.
src/lib/api/files-api.ts(870,13): error TS2322: Type 'string | null | undefined' is not assignable to type 'string | undefined'.
  Type 'null' is not assignable to type 'string | undefined'.
src/lib/api/files-api.ts(944,13): error TS2322: Type 'string | null | undefined' is not assignable to type 'string | undefined'.
  Type 'null' is not assignable to type 'string | undefined'.
src/lib/api/files-api.ts(946,13): error TS2322: Type 'string | null | undefined' is not assignable to type 'string | undefined'.
  Type 'null' is not assignable to type 'string | undefined'.
src/lib/api/notes-api.ts(242,5): error TS2322: Type '(workspaceId: string, noteId: string) => Promise<void>' is not assignable to type 'MutationFunction<void, string>'.
  Types of parameters 'noteId' and 'context' are incompatible.
    Type 'MutationFunctionContext' is not assignable to type 'string'.
src/lib/api/projects-api.ts(473,21): error TS2339: Property 'previousMainTasks' does not exist on type 'never'.
src/lib/api/projects-api.ts(474,62): error TS2339: Property 'projectId' does not exist on type 'never'.
src/lib/api/projects-api.ts(474,82): error TS2339: Property 'previousMainTasks' does not exist on type 'never'.
src/lib/api/projects-api.ts(476,21): error TS2339: Property 'previousSidebarTasks' does not exist on type 'never'.
src/lib/api/projects-api.ts(477,62): error TS2339: Property 'projectId' does not exist on type 'never'.
src/lib/api/projects-api.ts(477,82): error TS2339: Property 'previousSidebarTasks' does not exist on type 'never'.
src/lib/api/storage-api.ts(31,7): error TS2322: Type 'unknown' is not assignable to type '{ id: string; name: string; url: string; mime_type: string; size: string; storage_path: string; uploaded_by: string; workspace_id: string; created_at: string; }'.
src/pages/admin/AdminDashboard.tsx(525,14): error TS18048: 'analytics.topOrganizations' is possibly 'undefined'.
src/pages/admin/audit/AuditLogs.tsx(196,56): error TS2345: Argument of type '{ page: number; userId?: string; action?: string; resource?: string; startDate?: string; endDate?: string; pageSize?: number; limit?: number; }' is not assignable to parameter of type 'number'.
src/pages/admin/audit/AuditLogs.tsx(200,15): error TS2345: Argument of type 'AuditLog[]' is not assignable to parameter of type 'SetStateAction<PaginatedResponse<AuditLog> | null>'.
src/pages/admin/audit/AuditLogs.tsx(273,50): error TS18048: 'logs.pagination' is possibly 'undefined'.
src/pages/admin/audit/AuditLogs.tsx(531,16): error TS18048: 'logs.pagination' is possibly 'undefined'.
src/pages/admin/audit/AuditLogs.tsx(541,36): error TS18048: 'logs.pagination' is possibly 'undefined'.
src/pages/admin/audit/AuditLogs.tsx(546,39): error TS18048: 'logs.pagination' is possibly 'undefined'.
src/pages/admin/blog/BlogEditor.tsx(195,60): error TS2554: Expected 1 arguments, but got 2.
src/pages/admin/blog/BlogEditor.tsx(371,64): error TS2345: Argument of type '{ title: string; content: string; excerpt: string; status: "DRAFT"; tags: never[]; categories: never[]; seoMeta: { metaTitle: string; metaDescription: string; keywords: never[]; }; }' is not assignable to parameter of type 'CreateBlogPostData | (() => CreateBlogPostData)'.
  Type '{ title: string; content: string; excerpt: string; status: "DRAFT"; tags: never[]; categories: never[]; seoMeta: { metaTitle: string; metaDescription: string; keywords: never[]; }; }' is missing the following properties from type 'CreateBlogPostData': slug, categoryId
src/pages/admin/blog/BlogEditor.tsx(408,42): error TS2339: Property 'id' does not exist on type 'string'.
src/pages/admin/blog/BlogEditor.tsx(409,26): error TS2551: Property 'categories' does not exist on type 'BlogPost'. Did you mean 'categoryId'?
src/pages/admin/blog/BlogEditor.tsx(409,42): error TS7006: Parameter 'cat' implicitly has an 'any' type.
src/pages/admin/blog/BlogEditor.tsx(411,9): error TS2353: Object literal may only specify known properties, and 'scheduledAt' does not exist in type 'SetStateAction<CreateBlogPostData>'.
src/pages/admin/blog/BlogEditor.tsx(411,27): error TS2339: Property 'scheduledAt' does not exist on type 'BlogPost'.
src/pages/admin/blog/BlogEditor.tsx(412,23): error TS2339: Property 'seoMeta' does not exist on type 'BlogPost'.
src/pages/admin/blog/BlogEditor.tsx(500,60): error TS2554: Expected 1 arguments, but got 2.
src/pages/admin/blog/BlogEditor.tsx(519,55): error TS2345: Argument of type '{ name: string; }' is not assignable to parameter of type 'string'.
src/pages/admin/blog/BlogEditor.tsx(701,37): error TS2339: Property 'scheduledAt' does not exist on type 'CreateBlogPostData'.
src/pages/admin/blog/BlogEditor.tsx(703,50): error TS2353: Object literal may only specify known properties, and 'scheduledAt' does not exist in type 'SetStateAction<CreateBlogPostData>'.
src/pages/admin/blog/BlogManagement.tsx(151,31): error TS2339: Property 'id' does not exist on type 'string'.
src/pages/admin/blog/BlogManagement.tsx(152,22): error TS2339: Property 'name' does not exist on type 'string'.
src/pages/admin/blog/BlogManagement.tsx(365,50): error TS18048: 'posts.pagination' is possibly 'undefined'.
src/pages/admin/blog/BlogManagement.tsx(464,21): error TS18048: 'posts.pagination' is possibly 'undefined'.
src/pages/admin/blog/BlogManagement.tsx(474,40): error TS18048: 'posts.pagination' is possibly 'undefined'.
src/pages/admin/blog/BlogManagement.tsx(479,43): error TS18048: 'posts.pagination' is possibly 'undefined'.
src/pages/admin/organizations/OrganizationManagement.tsx(188,54): error TS2769: No overload matches this call.
  Overload 1 of 4, '(value: string | number | Date): Date', gave the following error.
    Argument of type 'string | undefined' is not assignable to parameter of type 'string | number | Date'.
      Type 'undefined' is not assignable to type 'string | number | Date'.
  Overload 2 of 4, '(value: string | number): Date', gave the following error.
    Argument of type 'string | undefined' is not assignable to parameter of type 'string | number'.
      Type 'undefined' is not assignable to type 'string | number'.
src/pages/admin/organizations/OrganizationManagement.tsx(395,28): error TS2339: Property 'downloadUrl' does not exist on type 'Blob'.
src/pages/admin/organizations/OrganizationManagement.tsx(504,50): error TS18048: 'organizations.pagination' is possibly 'undefined'.
src/pages/admin/organizations/OrganizationManagement.tsx(690,38): error TS2345: Argument of type 'string | undefined' is not assignable to parameter of type 'string'.
  Type 'undefined' is not assignable to type 'string'.
src/pages/admin/organizations/OrganizationManagement.tsx(691,56): error TS2345: Argument of type 'string | undefined' is not assignable to parameter of type 'string'.
  Type 'undefined' is not assignable to type 'string'.
src/pages/admin/organizations/OrganizationManagement.tsx(697,56): error TS2345: Argument of type 'string | undefined' is not assignable to parameter of type 'string'.
  Type 'undefined' is not assignable to type 'string'.
src/pages/admin/organizations/OrganizationManagement.tsx(807,25): error TS18048: 'organizations.pagination' is possibly 'undefined'.
src/pages/admin/organizations/OrganizationManagement.tsx(817,36): error TS18048: 'organizations.pagination' is possibly 'undefined'.
src/pages/admin/organizations/OrganizationManagement.tsx(822,39): error TS18048: 'organizations.pagination' is possibly 'undefined'.
src/pages/admin/settings/SystemSettings.tsx(183,28): error TS18048: 'config.general' is possibly 'undefined'.
src/pages/admin/settings/SystemSettings.tsx(192,28): error TS18048: 'config.general' is possibly 'undefined'.
src/pages/admin/settings/SystemSettings.tsx(205,28): error TS18048: 'config.general' is possibly 'undefined'.
src/pages/admin/settings/SystemSettings.tsx(215,28): error TS18048: 'config.general' is possibly 'undefined'.
src/pages/admin/settings/SystemSettings.tsx(226,28): error TS18048: 'config.general' is possibly 'undefined'.
src/pages/admin/settings/SystemSettings.tsx(247,28): error TS18048: 'config.general' is possibly 'undefined'.
src/pages/admin/settings/SystemSettings.tsx(278,28): error TS18048: 'config.general' is possibly 'undefined'.
src/pages/admin/settings/SystemSettings.tsx(300,33): error TS2769: No overload matches this call.
  Overload 1 of 2, '(o: ArrayLike<any> | { [s: string]: any; }): [string, any][]', gave the following error.
    Argument of type '{ [key: string]: any; enableChat?: boolean | undefined; enableProjects?: boolean | undefined; enableFiles?: boolean | undefined; enableCalendar?: boolean | undefined; enableNotes?: boolean | undefined; enableAI?: boolean | undefined; } | undefined' is not assignable to parameter of type 'ArrayLike<any> | { [s: string]: any; }'.
      Type 'undefined' is not assignable to type 'ArrayLike<any> | { [s: string]: any; }'.
  Overload 2 of 2, '(o: {}): [string, any][]', gave the following error.
    Argument of type '{ [key: string]: any; enableChat?: boolean | undefined; enableProjects?: boolean | undefined; enableFiles?: boolean | undefined; enableCalendar?: boolean | undefined; enableNotes?: boolean | undefined; enableAI?: boolean | undefined; } | undefined' is not assignable to parameter of type '{}'.
      Type 'undefined' is not assignable to type '{}'.
src/pages/admin/settings/SystemSettings.tsx(410,26): error TS18048: 'config.email' is possibly 'undefined'.
src/pages/admin/settings/SystemSettings.tsx(430,28): error TS18048: 'config.email' is possibly 'undefined'.
src/pages/admin/settings/SystemSettings.tsx(440,28): error TS18048: 'config.email' is possibly 'undefined'.
src/pages/admin/settings/SystemSettings.tsx(452,26): error TS18048: 'config.email' is possibly 'undefined'.
src/pages/admin/settings/SystemSettings.tsx(477,26): error TS18048: 'config.storage' is possibly 'undefined'.
src/pages/admin/settings/SystemSettings.tsx(492,16): error TS18048: 'config.storage' is possibly 'undefined'.
src/pages/admin/settings/SystemSettings.tsx(499,32): error TS18048: 'config.storage' is possibly 'undefined'.
src/pages/admin/settings/SystemSettings.tsx(508,32): error TS18048: 'config.storage' is possibly 'undefined'.
src/pages/admin/settings/SystemSettings.tsx(519,30): error TS18048: 'config.storage' is possibly 'undefined'.
src/pages/admin/users/UserManagement.tsx(233,52): error TS2554: Expected 0 arguments, but got 1.
src/pages/admin/users/UserManagement.tsx(244,16): error TS2345: Argument of type 'AdminUser[]' is not assignable to parameter of type 'SetStateAction<PaginatedResponse<UserProfile> | null>'.
src/pages/admin/users/UserManagement.tsx(303,28): error TS2339: Property 'downloadUrl' does not exist on type 'Blob'.
src/pages/admin/users/UserManagement.tsx(414,50): error TS18048: 'users.pagination' is possibly 'undefined'.
src/pages/admin/users/UserManagement.tsx(601,26): error TS18048: 'user.organizations' is possibly 'undefined'.
src/pages/admin/users/UserManagement.tsx(610,26): error TS18048: 'user.organizations' is possibly 'undefined'.
src/pages/admin/users/UserManagement.tsx(612,31): error TS18048: 'user.organizations' is possibly 'undefined'.
src/pages/admin/users/UserManagement.tsx(721,17): error TS18048: 'users.pagination' is possibly 'undefined'.
src/pages/admin/users/UserManagement.tsx(731,36): error TS18048: 'users.pagination' is possibly 'undefined'.
src/pages/admin/users/UserManagement.tsx(736,39): error TS18048: 'users.pagination' is possibly 'undefined'.
src/pages/analytics/AnalyticsPage.tsx(50,3): error TS2724: '"@/lib/api/analytics-api"' has no exported member named 'WorkspaceAnalytics'. Did you mean 'useWorkspaceAnalytics'?
src/pages/analytics/AnalyticsPage.tsx(54,3): error TS2724: '"@/lib/api/analytics-api"' has no exported member named 'AnalyticsDateRange'. Did you mean 'AnalyticsData'?
src/pages/analytics/AnalyticsPage.tsx(118,26): error TS2339: Property 'getTeamPerformance' does not exist on type '{ getWorkspaceAnalytics(workspaceId: string, period?: string): Promise<AnalyticsData[]>; getUserAnalytics(workspaceId: string): Promise<UserAnalytics[]>; }'.
src/pages/analytics/AnalyticsPage.tsx(119,26): error TS2551: Property 'getFileAnalytics' does not exist on type '{ getWorkspaceAnalytics(workspaceId: string, period?: string): Promise<AnalyticsData[]>; getUserAnalytics(workspaceId: string): Promise<UserAnalytics[]>; }'. Did you mean 'getUserAnalytics'?
src/pages/analytics/AnalyticsPage.tsx(120,26): error TS2551: Property 'getCalendarAnalytics' does not exist on type '{ getWorkspaceAnalytics(workspaceId: string, period?: string): Promise<AnalyticsData[]>; getUserAnalytics(workspaceId: string): Promise<UserAnalytics[]>; }'. Did you mean 'getUserAnalytics'?
src/pages/analytics/AnalyticsPage.tsx(142,43): error TS2339: Property 'exportAnalyticsData' does not exist on type '{ getWorkspaceAnalytics(workspaceId: string, period?: string): Promise<AnalyticsData[]>; getUserAnalytics(workspaceId: string): Promise<UserAnalytics[]>; }'.
src/pages/analytics/AnalyticsPage.tsx(211,75): error TS7006: Parameter 'value' implicitly has an 'any' type.
src/pages/analytics/AnalyticsPage.tsx(211,82): error TS7006: Parameter 'index' implicitly has an 'any' type.
src/pages/analytics/AnalyticsPage.tsx(273,82): error TS7006: Parameter 'user' implicitly has an 'any' type.
src/pages/analytics/AnalyticsPage.tsx(273,88): error TS7006: Parameter 'index' implicitly has an 'any' type.
src/pages/analytics/AnalyticsPage.tsx(366,66): error TS7006: Parameter 'project' implicitly has an 'any' type.
src/pages/analytics/AnalyticsPage.tsx(403,37): error TS7006: Parameter '_' implicitly has an 'any' type.
src/pages/analytics/AnalyticsPage.tsx(403,40): error TS7006: Parameter 'index' implicitly has an 'any' type.
src/pages/analytics/AnalyticsPage.tsx(421,58): error TS7006: Parameter 'project' implicitly has an 'any' type.
src/pages/analytics/AnalyticsPage.tsx(449,75): error TS7006: Parameter 'user' implicitly has an 'any' type.
src/pages/analytics/AnalyticsPage.tsx(461,36): error TS2339: Property 'overview' does not exist on type 'TeamPerformance'.
src/pages/analytics/AnalyticsPage.tsx(466,36): error TS2339: Property 'overview' does not exist on type 'TeamPerformance'.
src/pages/analytics/AnalyticsPage.tsx(472,49): error TS2339: Property 'teamVelocity' does not exist on type 'number'.
src/pages/analytics/AnalyticsPage.tsx(478,52): error TS2339: Property 'qualityScore' does not exist on type 'number'.
src/pages/analytics/AnalyticsPage.tsx(524,79): error TS2339: Property 'sprintCompletion' does not exist on type 'number'.
src/pages/analytics/AnalyticsPage.tsx(528,79): error TS2339: Property 'cycleTime' does not exist on type 'number'.
src/pages/analytics/AnalyticsPage.tsx(532,79): error TS2339: Property 'throughput' does not exist on type 'number'.
src/pages/analytics/AnalyticsPage.tsx(542,50): error TS18048: 'teamPerformance.collaboration' is possibly 'undefined'.
src/pages/analytics/AnalyticsPage.tsx(542,80): error TS2339: Property 'knowledgeSharing' does not exist on type '{ meetingEfficiency: number; communicationScore: number; collaborationRate: number; }'.
src/pages/analytics/AnalyticsPage.tsx(546,50): error TS18048: 'teamPerformance.collaboration' is possibly 'undefined'.
src/pages/analytics/AnalyticsPage.tsx(546,80): error TS2339: Property 'communicationFrequency' does not exist on type '{ meetingEfficiency: number; communicationScore: number; collaborationRate: number; }'.
src/pages/analytics/AnalyticsPage.tsx(550,50): error TS18048: 'teamPerformance.collaboration' is possibly 'undefined'.
src/pages/analytics/AnalyticsPage.tsx(626,13): error TS2322: Type 'number | undefined' is not assignable to type 'string | number'.
  Type 'undefined' is not assignable to type 'string | number'.
src/pages/analytics/AnalyticsPage.tsx(705,13): error TS2339: Property 'overview' does not exist on type 'CalendarAnalytics'.
src/pages/analytics/AnalyticsPage.tsx(705,23): error TS2339: Property 'patterns' does not exist on type 'CalendarAnalytics'.
src/pages/analytics/AnalyticsPage.tsx(705,33): error TS2339: Property 'meetings' does not exist on type 'CalendarAnalytics'.
src/pages/analytics/AnalyticsPage.tsx(707,50): error TS7006: Parameter 'hour' implicitly has an 'any' type.
src/pages/analytics/AnalyticsPage.tsx(713,48): error TS7006: Parameter 'day' implicitly has an 'any' type.
src/pages/chat/ChatPage.tsx(70,5): error TS2322: Type '{ id: string; name: string | undefined; url: string; type: string; size: number | undefined; }[] | undefined' is not assignable to type 'Attachment[] | undefined'.
  Type '{ id: string; name: string | undefined; url: string; type: string; size: number | undefined; }[]' is not assignable to type 'Attachment[]'.
    Type '{ id: string; name: string | undefined; url: string; type: string; size: number | undefined; }' is not assignable to type 'Attachment'.
      Types of property 'name' are incompatible.
        Type 'string | undefined' is not assignable to type 'string'.
          Type 'undefined' is not assignable to type 'string'.
src/pages/chat/ChatPage.tsx(77,5): error TS2322: Type '{ id: string | undefined; value: string; count: number; memberIds: (string | undefined)[]; }[] | undefined' is not assignable to type 'Reaction[] | undefined'.
  Type '{ id: string | undefined; value: string; count: number; memberIds: (string | undefined)[]; }[]' is not assignable to type 'Reaction[]'.
    Type '{ id: string | undefined; value: string; count: number; memberIds: (string | undefined)[]; }' is not assignable to type 'Reaction'.
      Types of property 'id' are incompatible.
        Type 'string | undefined' is not assignable to type 'string'.
          Type 'undefined' is not assignable to type 'string'.
src/pages/chat/ChatPage.tsx(356,9): error TS2322: Type 'Message[] | undefined' is not assignable to type 'Message[]'.
  Type 'undefined' is not assignable to type 'Message[]'.
src/pages/files/FilesPage.tsx(158,9): error TS7034: Variable 'result' implicitly has type 'any[]' in some locations where its type cannot be determined.
src/pages/files/FilesPage.tsx(208,26): error TS7005: Variable 'result' implicitly has an 'any[]' type.
src/pages/files/FilesPage.tsx(208,36): error TS7005: Variable 'result' implicitly has an 'any[]' type.
src/pages/files/FilesPage.tsx(713,15): error TS2322: Type '(file: import("/Users/user/Desktop/deskive/frontend/src/lib/api/files-api").FileItem) => void' is not assignable to type '(file: import("/Users/user/Desktop/deskive/frontend/src/types/files").FileItem) => void'.
  Types of parameters 'file' and 'file' are incompatible.
    Type 'import("/Users/user/Desktop/deskive/frontend/src/types/files").FileItem' is not assignable to type 'import("/Users/user/Desktop/deskive/frontend/src/lib/api/files-api").FileItem'.
      Types of property 'parentId' are incompatible.
        Type 'string | null | undefined' is not assignable to type 'string | undefined'.
          Type 'null' is not assignable to type 'string | undefined'.
src/pages/integrations/components/InstalledIntegrationsList.tsx(110,9): error TS2353: Object literal may only specify known properties, and 'status' does not exist in type 'Partial<Integration>'.
src/pages/integrations/components/InstalledIntegrationsList.tsx(247,73): error TS2345: Argument of type 'IntegrationCategory | undefined' is not assignable to parameter of type 'IntegrationCategory'.
  Type 'undefined' is not assignable to type 'IntegrationCategory'.
src/pages/integrations/components/InstalledIntegrationsList.tsx(273,60): error TS2345: Argument of type 'string | undefined' is not assignable to parameter of type 'string'.
  Type 'undefined' is not assignable to type 'string'.
src/pages/integrations/components/IntegrationConfiguration.tsx(75,7): error TS2322: Type 'string' is not assignable to type '"REALTIME" | "15MIN" | "1HOUR" | "6HOUR" | "12HOUR" | "24HOUR" | undefined'.
src/pages/integrations/components/IntegrationConfiguration.tsx(104,9): error TS2559: Type '{ configuration: { syncFrequency: "REALTIME" | "15MIN" | "1HOUR" | "6HOUR" | "12HOUR" | "24HOUR"; syncEnabled: boolean; notificationsEnabled: boolean; settings: Record<string, any>; authData: { ...; } | undefined; webhooks?: { ...; }[] | undefined; }; }' has no properties in common with type 'Partial<Integration>'.
src/pages/integrations/components/IntegrationConfiguration.tsx(496,38): error TS2345: Argument of type '(data: ConfigurationFormData) => Promise<void>' is not assignable to parameter of type 'SubmitHandler<TFieldValues>'.
  Types of parameters 'data' and 'data' are incompatible.
    Type 'TFieldValues' is not assignable to type '{ syncFrequency: "REALTIME" | "15MIN" | "1HOUR" | "6HOUR" | "12HOUR" | "24HOUR"; syncEnabled: boolean; notificationsEnabled: boolean; apiKey?: string | undefined; customSettings?: Record<...> | undefined; }'.
      Type 'FieldValues' is missing the following properties from type '{ syncFrequency: "REALTIME" | "15MIN" | "1HOUR" | "6HOUR" | "12HOUR" | "24HOUR"; syncEnabled: boolean; notificationsEnabled: boolean; apiKey?: string | undefined; customSettings?: Record<...> | undefined; }': syncFrequency, syncEnabled, notificationsEnabled
src/pages/integrations/components/IntegrationDetail.tsx(77,11): error TS2345: Argument of type 'string | undefined' is not assignable to parameter of type 'string'.
  Type 'undefined' is not assignable to type 'string'.
src/pages/integrations/components/IntegrationDetail.tsx(258,43): error TS2345: Argument of type 'number | undefined' is not assignable to parameter of type 'number'.
  Type 'undefined' is not assignable to type 'number'.
src/pages/integrations/components/IntegrationDetail.tsx(362,16): error TS18048: 'integration.screenshots.length' is possibly 'undefined'.
src/pages/integrations/components/IntegrationDetail.tsx(420,33): error TS2769: No overload matches this call.
  Overload 1 of 4, '(value: string | number | Date): Date', gave the following error.
    Argument of type 'string | undefined' is not assignable to parameter of type 'string | number | Date'.
      Type 'undefined' is not assignable to type 'string | number | Date'.
  Overload 2 of 4, '(value: string | number): Date', gave the following error.
    Argument of type 'string | undefined' is not assignable to parameter of type 'string | number'.
      Type 'undefined' is not assignable to type 'string | number'.
src/pages/integrations/components/IntegrationFilters.tsx(277,48): error TS2345: Argument of type 'string' is not assignable to parameter of type 'IntegrationCategory'.
src/pages/integrations/components/IntegrationFilters.tsx(294,46): error TS2345: Argument of type 'string' is not assignable to parameter of type 'AuthType'.
src/pages/integrations/components/IntegrationFilters.tsx(310,45): error TS2345: Argument of type 'string' is not assignable to parameter of type '"FREE" | "FREEMIUM" | "PAID"'.
src/pages/integrations/components/IntegrationGrid.tsx(37,3): error TS2353: Object literal may only specify known properties, and ''SOCIAL_MEDIA'' does not exist in type 'Record<IntegrationCategory, string>'.
src/pages/integrations/components/IntegrationGrid.tsx(110,46): error TS2538: Type 'undefined' cannot be used as an index type.
src/pages/integrations/components/IntegrationGrid.tsx(112,37): error TS2345: Argument of type 'IntegrationCategory | undefined' is not assignable to parameter of type 'IntegrationCategory'.
  Type 'undefined' is not assignable to type 'IntegrationCategory'.
src/pages/integrations/components/IntegrationGrid.tsx(132,45): error TS2345: Argument of type 'number | undefined' is not assignable to parameter of type 'number'.
  Type 'undefined' is not assignable to type 'number'.
src/pages/integrations/components/IntegrationList.tsx(37,3): error TS2353: Object literal may only specify known properties, and ''SOCIAL_MEDIA'' does not exist in type 'Record<IntegrationCategory, string>'.
src/pages/integrations/components/IntegrationList.tsx(113,24): error TS18048: 'integration.features.length' is possibly 'undefined'.
src/pages/integrations/components/IntegrationList.tsx(120,28): error TS18048: 'integration.features.length' is possibly 'undefined'.
src/pages/integrations/components/IntegrationList.tsx(122,33): error TS18048: 'integration.features.length' is possibly 'undefined'.
src/pages/integrations/components/IntegrationList.tsx(140,53): error TS2345: Argument of type 'number | undefined' is not assignable to parameter of type 'number'.
  Type 'undefined' is not assignable to type 'number'.
src/pages/integrations/components/IntegrationList.tsx(145,54): error TS2538: Type 'undefined' cannot be used as an index type.
src/pages/integrations/components/IntegrationList.tsx(147,45): error TS2345: Argument of type 'IntegrationCategory | undefined' is not assignable to parameter of type 'IntegrationCategory'.
  Type 'undefined' is not assignable to type 'IntegrationCategory'.
src/pages/integrations/components/IntegrationLogs.tsx(109,11): error TS2353: Object literal may only specify known properties, and 'startDate' does not exist in type '{ limit?: number | undefined; offset?: number | undefined; level?: "ERROR" | "INFO" | "WARN" | undefined; }'.
src/pages/integrations/components/IntegrationWebhooks.tsx(507,24): error TS18048: 'webhook.failureCount' is possibly 'undefined'.
src/pages/monitoring/components/AlertManagement.tsx(103,40): error TS2538: Type 'undefined' cannot be used as an index type.
src/pages/monitoring/components/AlertManagement.tsx(146,14): error TS18048: 'alert.tags' is possibly 'undefined'.
src/pages/monitoring/components/AlertManagement.tsx(148,18): error TS18048: 'alert.tags' is possibly 'undefined'.
src/pages/monitoring/components/AlertManagement.tsx(192,8): error TS18048: 'alert.affectedComponents' is possibly 'undefined'.
src/pages/monitoring/components/AlertManagement.tsx(196,14): error TS18048: 'alert.affectedComponents' is possibly 'undefined'.
src/pages/monitoring/components/AlertManagement.tsx(224,14): error TS18048: 'rule.notifications' is possibly 'undefined'.
src/pages/monitoring/components/AlertManagement.tsx(225,14): error TS18048: 'rule.notifications' is possibly 'undefined'.
src/pages/monitoring/components/AlertManagement.tsx(226,16): error TS18048: 'rule.notifications' is possibly 'undefined'.
src/pages/monitoring/components/AlertManagement.tsx(257,12): error TS2345: Argument of type '{ name: string; description: string; metric: string; condition: "gt" | "lt" | "eq" | "gte" | "lte" | "greater_than"; threshold: number; duration: number; severity: "info" | "low" | "high" | "medium" | "critical"; ... 5 more ...; updatedAt?: string | undefined; }' is not assignable to parameter of type 'Partial<AlertRule>'.
  Types of property 'condition' are incompatible.
    Type '"gt" | "lt" | "eq" | "gte" | "lte" | "greater_than"' is not assignable to type '"gt" | "lt" | "eq" | "gte" | "lte" | undefined'.
      Type '"greater_than"' is not assignable to type '"gt" | "lt" | "eq" | "gte" | "lte" | undefined'.
src/pages/monitoring/components/AlertManagement.tsx(423,17): error TS2322: Type 'string | true' is not assignable to type 'string | number | readonly string[] | undefined'.
  Type 'true' is not assignable to type 'string | number | readonly string[] | undefined'.
src/pages/monitoring/components/AlertManagement.tsx(490,7): error TS18048: 'alert.metric' is possibly 'undefined'.
src/pages/monitoring/components/APIMonitoring.tsx(128,16): error TS2339: Property 'endpoint' does not exist on type 'APIEndpointMetrics'.
src/pages/monitoring/components/APIMonitoring.tsx(194,43): error TS2345: Argument of type '"endpoint"' is not assignable to parameter of type 'keyof APIEndpointMetrics'.
src/pages/monitoring/components/APIMonitoring.tsx(197,18): error TS2367: This comparison appears to be unintentional because the types 'keyof APIEndpointMetrics' and '"endpoint"' have no overlap.
src/pages/monitoring/components/APIMonitoring.tsx(224,43): error TS2345: Argument of type '"p99ResponseTime"' is not assignable to parameter of type 'keyof APIEndpointMetrics'.
src/pages/monitoring/components/APIMonitoring.tsx(239,43): error TS2345: Argument of type '"throughput"' is not assignable to parameter of type 'keyof APIEndpointMetrics'.
src/pages/monitoring/components/APIMonitoring.tsx(253,55): error TS2339: Property 'endpoint' does not exist on type 'APIEndpointMetrics'.
src/pages/monitoring/components/APIMonitoring.tsx(255,70): error TS2339: Property 'endpoint' does not exist on type 'APIEndpointMetrics'.
src/pages/monitoring/components/APIMonitoring.tsx(275,29): error TS2339: Property 'p99ResponseTime' does not exist on type 'APIEndpointMetrics'.
src/pages/monitoring/components/APIMonitoring.tsx(283,29): error TS2339: Property 'throughput' does not exist on type 'APIEndpointMetrics'.
src/pages/monitoring/components/APIMonitoring.tsx(288,38): error TS2339: Property 'status2xx' does not exist on type 'APIEndpointMetrics'.
src/pages/monitoring/components/APIMonitoring.tsx(290,31): error TS2339: Property 'status4xx' does not exist on type 'APIEndpointMetrics'.
src/pages/monitoring/components/APIMonitoring.tsx(292,40): error TS2339: Property 'status4xx' does not exist on type 'APIEndpointMetrics'.
src/pages/monitoring/components/APIMonitoring.tsx(295,31): error TS2339: Property 'status5xx' does not exist on type 'APIEndpointMetrics'.
src/pages/monitoring/components/APIMonitoring.tsx(297,40): error TS2339: Property 'status5xx' does not exist on type 'APIEndpointMetrics'.
src/pages/monitoring/components/APIMonitoring.tsx(390,31): error TS2339: Property 'status2xx' does not exist on type 'APIEndpointMetrics'.
src/pages/monitoring/components/APIMonitoring.tsx(391,31): error TS2339: Property 'status4xx' does not exist on type 'APIEndpointMetrics'.
src/pages/monitoring/components/APIMonitoring.tsx(392,31): error TS2339: Property 'status5xx' does not exist on type 'APIEndpointMetrics'.
src/pages/monitoring/components/APIMonitoring.tsx(502,37): error TS2339: Property 'uptime' does not exist on type '{ totalRequests: number; successRate: number; averageResponseTime: number; errorRate: number; }'.
src/pages/monitoring/components/APIMonitoring.tsx(505,54): error TS2339: Property 'uptime' does not exist on type '{ totalRequests: number; successRate: number; averageResponseTime: number; errorRate: number; }'.
src/pages/monitoring/components/APIMonitoring.tsx(555,25): error TS2339: Property 'slowestEndpoints' does not exist on type 'APIMonitoringMetrics'.
src/pages/monitoring/components/APIMonitoring.tsx(555,59): error TS7006: Parameter 'endpoint' implicitly has an 'any' type.
src/pages/monitoring/components/APIMonitoring.tsx(594,25): error TS2339: Property 'errorProneEndpoints' does not exist on type 'APIMonitoringMetrics'.
src/pages/monitoring/components/APIMonitoring.tsx(594,62): error TS7006: Parameter 'endpoint' implicitly has an 'any' type.
src/pages/monitoring/components/LogAggregation.tsx(113,23): error TS7053: Element implicitly has an 'any' type because expression of type '"info" | "error" | "debug" | "warn" | "fatal"' can't be used to index type '{ error: { color: string; bg: string; border: string; text: string; icon: ForwardRefExoticComponent<Omit<LucideProps, "ref"> & RefAttributes<SVGSVGElement>>; badge: string; }; warn: { ...; }; info: { ...; }; debug: { ...; }; }'.
  Property 'fatal' does not exist on type '{ error: { color: string; bg: string; border: string; text: string; icon: ForwardRefExoticComponent<Omit<LucideProps, "ref"> & RefAttributes<SVGSVGElement>>; badge: string; }; warn: { ...; }; info: { ...; }; debug: { ...; }; }'.
src/pages/monitoring/components/LogAggregation.tsx(389,29): error TS18046: 'b' is of type 'unknown'.
src/pages/monitoring/components/LogAggregation.tsx(389,33): error TS18046: 'a' is of type 'unknown'.
src/pages/monitoring/components/LogAggregation.tsx(487,27): error TS7006: Parameter 'error' implicitly has an 'any' type.
src/pages/monitoring/components/LogAggregation.tsx(487,34): error TS7006: Parameter 'index' implicitly has an 'any' type.
src/pages/monitoring/components/LogAggregation.tsx(518,64): error TS2345: Argument of type 'LogEntry[] | undefined' is not assignable to parameter of type 'LogEntry[] | (() => LogEntry[])'.
  Type 'undefined' is not assignable to type 'LogEntry[] | (() => LogEntry[])'.
src/pages/monitoring/components/LogAggregation.tsx(524,44): error TS18048: 'logs.logs' is possibly 'undefined'.
src/pages/monitoring/components/LogAggregation.tsx(531,18): error TS18048: 'filtered' is possibly 'undefined'.
src/pages/monitoring/components/LogAggregation.tsx(535,18): error TS18048: 'filtered' is possibly 'undefined'.
src/pages/monitoring/components/LogAggregation.tsx(540,18): error TS18048: 'filtered' is possibly 'undefined'.
src/pages/monitoring/components/LogAggregation.tsx(542,9): error TS18048: 'log.source' is possibly 'undefined'.
src/pages/monitoring/components/LogAggregation.tsx(549,18): error TS18048: 'filtered' is possibly 'undefined'.
src/pages/monitoring/components/LogAggregation.tsx(557,21): error TS2345: Argument of type 'LogEntry[] | undefined' is not assignable to parameter of type 'SetStateAction<LogEntry[]>'.
  Type 'undefined' is not assignable to type 'SetStateAction<LogEntry[]>'.
src/pages/monitoring/components/LogAggregation.tsx(580,21): error TS2345: Argument of type 'LogEntry[] | undefined' is not assignable to parameter of type 'SetStateAction<LogEntry[]>'.
  Type 'undefined' is not assignable to type 'SetStateAction<LogEntry[]>'.
src/pages/monitoring/components/LogAggregation.tsx(661,55): error TS2322: Type '(string | undefined)[]' is not assignable to type 'string[]'.
  Type 'string | undefined' is not assignable to type 'string'.
    Type 'undefined' is not assignable to type 'string'.
src/pages/monitoring/components/PerformanceCharts.tsx(225,21): error TS2339: Property 'status4xx' does not exist on type '{ total: number; errorRate: number; byType: Record<string, number>; }'.
src/pages/monitoring/components/PerformanceCharts.tsx(226,21): error TS2339: Property 'status5xx' does not exist on type '{ total: number; errorRate: number; byType: Record<string, number>; }'.
src/pages/monitoring/components/PerformanceCharts.tsx(264,19): error TS2339: Property 'status4xx' does not exist on type '{ total: number; errorRate: number; byType: Record<string, number>; }'.
src/pages/monitoring/components/PerformanceCharts.tsx(273,19): error TS2339: Property 'status5xx' does not exist on type '{ total: number; errorRate: number; byType: Record<string, number>; }'.
src/pages/monitoring/components/PerformanceCharts.tsx(314,18): error TS18048: 'data' is possibly 'undefined'.
src/pages/monitoring/components/PerformanceCharts.tsx(314,23): error TS2339: Property 'connections' does not exist on type '{ queryTime: number; activeConnections: number; slowQueries: number; }'.
src/pages/monitoring/components/PerformanceCharts.tsx(315,16): error TS18048: 'data' is possibly 'undefined'.
src/pages/monitoring/components/PerformanceCharts.tsx(316,18): error TS18048: 'data' is possibly 'undefined'.
src/pages/monitoring/components/PerformanceCharts.tsx(328,13): error TS18048: 'data' is possibly 'undefined'.
src/pages/monitoring/components/PerformanceCharts.tsx(329,13): error TS18048: 'data' is possibly 'undefined'.
src/pages/monitoring/components/PerformanceCharts.tsx(332,14): error TS18048: 'data' is possibly 'undefined'.
src/pages/monitoring/components/PerformanceCharts.tsx(333,14): error TS18048: 'data' is possibly 'undefined'.
src/pages/monitoring/components/PerformanceCharts.tsx(345,14): error TS18048: 'data' is possibly 'undefined'.
src/pages/monitoring/components/PerformanceCharts.tsx(345,19): error TS2339: Property 'connections' does not exist on type '{ queryTime: number; activeConnections: number; slowQueries: number; }'.
src/pages/monitoring/components/PerformanceCharts.tsx(354,14): error TS18048: 'data' is possibly 'undefined'.
src/pages/monitoring/components/PerformanceCharts.tsx(354,19): error TS2339: Property 'activeQueries' does not exist on type '{ queryTime: number; activeConnections: number; slowQueries: number; }'.
src/pages/monitoring/components/PerformanceCharts.tsx(363,14): error TS18048: 'data' is possibly 'undefined'.
src/pages/monitoring/components/PerformanceCharts.tsx(372,14): error TS18048: 'data' is possibly 'undefined'.
src/pages/monitoring/components/PerformanceCharts.tsx(411,32): error TS18048: 'data' is possibly 'undefined'.
src/pages/monitoring/components/PerformanceCharts.tsx(412,33): error TS18048: 'data' is possibly 'undefined'.
src/pages/monitoring/components/PerformanceCharts.tsx(424,13): error TS18048: 'data' is possibly 'undefined'.
src/pages/monitoring/components/PerformanceCharts.tsx(425,13): error TS18048: 'data' is possibly 'undefined'.
src/pages/monitoring/components/PerformanceCharts.tsx(428,14): error TS18048: 'data' is possibly 'undefined'.
src/pages/monitoring/components/PerformanceCharts.tsx(429,14): error TS18048: 'data' is possibly 'undefined'.
src/pages/monitoring/components/PerformanceCharts.tsx(443,18): error TS18048: 'data' is possibly 'undefined'.
src/pages/monitoring/components/PerformanceCharts.tsx(452,18): error TS18048: 'data' is possibly 'undefined'.
src/pages/monitoring/components/PerformanceCharts.tsx(460,46): error TS18048: 'data' is possibly 'undefined'.
src/pages/monitoring/components/PerformanceCharts.tsx(465,19): error TS18048: 'data' is possibly 'undefined'.
src/pages/monitoring/components/PerformanceCharts.tsx(465,24): error TS2339: Property 'memoryUsage' does not exist on type '{ hitRate: number; missRate: number; evictions: number; }'.
src/pages/monitoring/components/PerformanceCharts.tsx(533,11): error TS2322: Type 'number | undefined' is not assignable to type 'string | number'.
  Type 'undefined' is not assignable to type 'string | number'.
